This is pdfTeX, Version 3.141592653-2.6-1.40.29 (TeX Live 2026/Arch Linux) (preloaded format=pdflatex 2026.7.4)  2 AUG 2026 15:45
entering extended mode
 restricted \write18 enabled.
 file:line:error style messages enabled.
 %&-line parsing enabled.
**rapport.tex
(./rapport.tex
LaTeX2e <2025-11-01>
L3 programming layer <2026-01-19>
(/usr/share/texmf-dist/tex/latex/base/report.cls
Document Class: report 2025/01/22 v1.4n Standard LaTeX document class
(/usr/share/texmf-dist/tex/latex/base/size12.clo
File: size12.clo 2025/01/22 v1.4n Standard LaTeX file (size option)
)
\c@part=\count275
\c@chapter=\count276
\c@section=\count277
\c@subsection=\count278
\c@subsubsection=\count279
\c@paragraph=\count280
\c@subparagraph=\count281
\c@figure=\count282
\c@table=\count283
\abovecaptionskip=\skip49
\belowcaptionskip=\skip50
\bibindent=\dimen148
) (/usr/share/texmf-dist/tex/latex/base/inputenc.sty
Package: inputenc 2024/02/08 v1.3d Input encoding file
\inpenc@prehook=\toks17
\inpenc@posthook=\toks18
) (/usr/share/texmf-dist/tex/latex/base/fontenc.sty
Package: fontenc 2025/07/18 v2.1d Standard LaTeX package
) (/usr/share/texmf-dist/tex/generic/babel/babel.sty
Package: babel 2026/02/14 v26.3 The multilingual framework for LuaLaTeX, pdfLaTeX and XeLaTeX
\babel@savecnt=\count284
LaTeX Encoding Info:    Redeclaring text command \ij (encoding OT1) on input line 2078.
LaTeX Encoding Info:    Redeclaring text command \IJ (encoding OT1) on input line 2080.
LaTeX Encoding Info:    Redeclaring text command \ij (encoding T1) on input line 2082.
LaTeX Encoding Info:    Redeclaring text command \IJ (encoding T1) on input line 2083.
LaTeX Encoding Info:    Ignoring declaration for text command \ij (encoding ?) on input line 2084.
LaTeX Encoding Info:    Ignoring declaration for text command \IJ (encoding ?) on input line 2086.
LaTeX Encoding Info:    Ignoring declaration for text command \SS (encoding ?) on input line 2111.
\U@D=\dimen149
\l@unhyphenated=\language3
 (/usr/share/texmf-dist/tex/generic/babel/txtbabel.def)
\bbl@readstream=\read2
\bbl@dirlevel=\count285
 (/usr/share/texmf-dist/tex/generic/babel/locale/fr/babel-french.tex)
Package babel Info: Importing font and identification data for french
(babel)             from babel-fr.ini. Reported on input line 4330.
 (/usr/share/texmf-dist/tex/generic/babel-french/french.ldf
Language: french 2025-08-15 v4.0e French support from the babel system
 (/usr/share/texmf-dist/tex/generic/babel-french/french3.ldf
Language: french 2025-08-15 v3.7e French support from the babel system
Package babel Info: Hyphen rules for 'french' set to \l@nohyphenation
(babel)             (\language2). Reported on input line 87.


Package babel Warning: No hyphenation patterns were preloaded for
(babel)                the language 'French' into the format.
(babel)                Please, configure your TeX system to add them and
(babel)                rebuild the format. Now I will use the patterns
(babel)                preloaded for \language=nohyphenation instead on input line 87.

\FB@stdchar=\count286
Package babel Info: Making : an active character on input line 273.
Package babel Info: Making ; an active character on input line 274.
Package babel Info: Making ! an active character on input line 275.
Package babel Info: Making ? an active character on input line 276.
\FBguill@level=\count287
\FBold@everypar=\toks19
\FB@Mht=\dimen150
\mc@charclass=\count288
\mc@charfam=\count289
\mc@charslot=\count290
\std@mcc=\count291
\dec@mcc=\count292
\FB@pardim=\dimen151
\listindentFB=\dimen152
\descindentFB=\dimen153
\labelindentFB=\dimen154
\labelwidthFB=\dimen155
\leftmarginFB=\dimen156
\parindentFFN=\dimen157
\FBfnindent=\dimen158
))) (/usr/share/texmf-dist/tex/latex/carlisle/scalefnt.sty) (/usr/share/texmf-dist/tex/latex/lm/lmodern.sty
Package: lmodern 2015/05/01 v1.6.1 Latin Modern Fonts
LaTeX Font Info:    Overwriting symbol font `operators' in version `normal'
(Font)                  OT1/cmr/m/n --> OT1/lmr/m/n on input line 22.
LaTeX Font Info:    Overwriting symbol font `letters' in version `normal'
(Font)                  OML/cmm/m/it --> OML/lmm/m/it on input line 23.
LaTeX Font Info:    Overwriting symbol font `symbols' in version `normal'
(Font)                  OMS/cmsy/m/n --> OMS/lmsy/m/n on input line 24.
LaTeX Font Info:    Overwriting symbol font `largesymbols' in version `normal'
(Font)                  OMX/cmex/m/n --> OMX/lmex/m/n on input line 25.
LaTeX Font Info:    Overwriting symbol font `operators' in version `bold'
(Font)                  OT1/cmr/bx/n --> OT1/lmr/bx/n on input line 26.
LaTeX Font Info:    Overwriting symbol font `letters' in version `bold'
(Font)                  OML/cmm/b/it --> OML/lmm/b/it on input line 27.
LaTeX Font Info:    Overwriting symbol font `symbols' in version `bold'
(Font)                  OMS/cmsy/b/n --> OMS/lmsy/b/n on input line 28.
LaTeX Font Info:    Overwriting symbol font `largesymbols' in version `bold'
(Font)                  OMX/cmex/m/n --> OMX/lmex/m/n on input line 29.
LaTeX Font Info:    Overwriting math alphabet `\mathbf' in version `normal'
(Font)                  OT1/cmr/bx/n --> OT1/lmr/bx/n on input line 31.
LaTeX Font Info:    Overwriting math alphabet `\mathsf' in version `normal'
(Font)                  OT1/cmss/m/n --> OT1/lmss/m/n on input line 32.
LaTeX Font Info:    Overwriting math alphabet `\mathit' in version `normal'
(Font)                  OT1/cmr/m/it --> OT1/lmr/m/it on input line 33.
LaTeX Font Info:    Overwriting math alphabet `\mathtt' in version `normal'
(Font)                  OT1/cmtt/m/n --> OT1/lmtt/m/n on input line 34.
LaTeX Font Info:    Overwriting math alphabet `\mathbf' in version `bold'
(Font)                  OT1/cmr/bx/n --> OT1/lmr/bx/n on input line 35.
LaTeX Font Info:    Overwriting math alphabet `\mathsf' in version `bold'
(Font)                  OT1/cmss/bx/n --> OT1/lmss/bx/n on input line 36.
LaTeX Font Info:    Overwriting math alphabet `\mathit' in version `bold'
(Font)                  OT1/cmr/bx/it --> OT1/lmr/bx/it on input line 37.
LaTeX Font Info:    Overwriting math alphabet `\mathtt' in version `bold'
(Font)                  OT1/cmtt/m/n --> OT1/lmtt/m/n on input line 38.
) (/usr/share/texmf-dist/tex/latex/microtype/microtype.sty
Package: microtype 2026/03/01 v3.2d Micro-typographical refinements (RS)
 (/usr/share/texmf-dist/tex/latex/graphics/keyval.sty
Package: keyval 2022/05/29 v1.15 key=value parser (DPC)
\KV@toks@=\toks20
) (/usr/share/texmf-dist/tex/latex/etoolbox/etoolbox.sty
Package: etoolbox 2025/10/02 v2.5m e-TeX tools for LaTeX (JAW)
\etb@tempcnta=\count293
)
\MT@toks=\toks21
\MT@tempbox=\box53
\MT@count=\count294
LaTeX Info: Redefining \noprotrusionifhmode on input line 1084.
LaTeX Info: Redefining \leftprotrusion on input line 1085.
\MT@prot@toks=\toks22
LaTeX Info: Redefining \rightprotrusion on input line 1104.
LaTeX Info: Redefining \textls on input line 1449.
\MT@outer@kern=\dimen159
LaTeX Info: Redefining \microtypecontext on input line 2053.
LaTeX Info: Redefining \textmicrotypecontext on input line 2070.
\MT@listname@count=\count295
 (/usr/share/texmf-dist/tex/latex/microtype/microtype-pdftex.def
File: microtype-pdftex.def 2026/03/01 v3.2d Definitions specific to pdftex (RS)
LaTeX Info: Redefining \lsstyle on input line 944.
LaTeX Info: Redefining \lslig on input line 944.
\MT@outer@space=\skip51
)
Package microtype Info: Loading configuration file microtype.cfg.
 (/usr/share/texmf-dist/tex/latex/microtype/microtype.cfg
File: microtype.cfg 2026/03/01 v3.2d microtype main configuration file (RS)
)
LaTeX Info: Redefining \microtypesetup on input line 3065.
) (/usr/share/texmf-dist/tex/latex/geometry/geometry.sty
Package: geometry 2020/01/02 v5.9 Page Geometry
 (/usr/share/texmf-dist/tex/generic/iftex/ifvtex.sty
Package: ifvtex 2019/10/25 v1.7 ifvtex legacy package. Use iftex instead.
 (/usr/share/texmf-dist/tex/generic/iftex/iftex.sty
Package: iftex 2024/12/12 v1.0g TeX engine tests
))
\Gm@cnth=\count296
\Gm@cntv=\count297
\c@Gm@tempcnt=\count298
\Gm@bindingoffset=\dimen160
\Gm@wd@mp=\dimen161
\Gm@odd@mp=\dimen162
\Gm@even@mp=\dimen163
\Gm@layoutwidth=\dimen164
\Gm@layoutheight=\dimen165
\Gm@layouthoffset=\dimen166
\Gm@layoutvoffset=\dimen167
\Gm@dimlist=\toks23
) (/usr/share/texmf-dist/tex/latex/fancyhdr/fancyhdr.sty
Package: fancyhdr 2025/02/07 v5.2 Extensive control of page headers and footers
\f@nch@headwidth=\skip52
\f@nch@offset@elh=\skip53
\f@nch@offset@erh=\skip54
\f@nch@offset@olh=\skip55
\f@nch@offset@orh=\skip56
\f@nch@offset@elf=\skip57
\f@nch@offset@erf=\skip58
\f@nch@offset@olf=\skip59
\f@nch@offset@orf=\skip60
\f@nch@height=\skip61
\f@nch@footalignment=\skip62
\f@nch@widthL=\skip63
\f@nch@widthC=\skip64
\f@nch@widthR=\skip65
\@temptokenb=\toks24
) (/usr/share/texmf-dist/tex/latex/lastpage/lastpage.sty
Package: lastpage 2025/08/14 v2.1h lastpage: 2.09 or 2e? (HMM)
 (/usr/share/texmf-dist/tex/latex/lastpage/lastpage2e.sty
Package: lastpage2e 2025/08/14 v2.1h Decide which 2e lastpage version to use (HMM)
 (/usr/share/texmf-dist/tex/latex/lastpage/lastpagemodern.sty
Package: lastpagemodern 2025-08-14 v2.1h Refers to last page's name (HMM; JPG)
\c@lastpagecount=\count299
) 
)) (/usr/share/texmf-dist/tex/latex/setspace/setspace.sty
Package: setspace 2022/12/04 v6.7b set line spacing
) (/usr/share/texmf-dist/tex/latex/xcolor/xcolor.sty
Package: xcolor 2024/09/29 v3.02 LaTeX color extensions (UK)
 (/usr/share/texmf-dist/tex/latex/graphics-cfg/color.cfg
File: color.cfg 2016/01/02 v1.6 sample color configuration
)
Package xcolor Info: Driver file: pdftex.def on input line 274.
 (/usr/share/texmf-dist/tex/latex/graphics-def/pdftex.def
File: pdftex.def 2025/09/29 v1.2d Graphics/color driver for pdftex
) (/usr/share/texmf-dist/tex/latex/graphics/mathcolor.ltx)
Package xcolor Info: Model `cmy' substituted by `cmy0' on input line 1349.
Package xcolor Info: Model `hsb' substituted by `rgb' on input line 1353.
Package xcolor Info: Model `RGB' extended on input line 1365.
Package xcolor Info: Model `HTML' substituted by `rgb' on input line 1367.
Package xcolor Info: Model `Hsb' substituted by `hsb' on input line 1368.
Package xcolor Info: Model `tHsb' substituted by `hsb' on input line 1369.
Package xcolor Info: Model `HSB' substituted by `hsb' on input line 1370.
Package xcolor Info: Model `Gray' substituted by `gray' on input line 1371.
Package xcolor Info: Model `wave' substituted by `hsb' on input line 1372.
) (/usr/share/texmf-dist/tex/latex/titlesec/titlesec.sty
Package: titlesec 2025/01/04 v2.17 Sectioning titles
\ttl@box=\box54
\beforetitleunit=\skip66
\aftertitleunit=\skip67
\ttl@plus=\dimen168
\ttl@minus=\dimen169
\ttl@toksa=\toks25
\titlewidth=\dimen170
\titlewidthlast=\dimen171
\titlewidthfirst=\dimen172
) (/usr/share/texmf-dist/tex/latex/graphics/graphicx.sty
Package: graphicx 2024/12/31 v1.2e Enhanced LaTeX Graphics (DPC,SPQR)
 (/usr/share/texmf-dist/tex/latex/graphics/graphics.sty
Package: graphics 2024/08/06 v1.4g Standard LaTeX Graphics (DPC,SPQR)
 (/usr/share/texmf-dist/tex/latex/graphics/trig.sty
Package: trig 2023/12/02 v1.11 sin cos tan (DPC)
) (/usr/share/texmf-dist/tex/latex/graphics-cfg/graphics.cfg
File: graphics.cfg 2016/06/04 v1.11 sample graphics configuration
)
Package graphics Info: Driver file: pdftex.def on input line 106.
)
\Gin@req@height=\dimen173
\Gin@req@width=\dimen174
) (/usr/share/texmf-dist/tex/latex/booktabs/booktabs.sty
Package: booktabs 2020/01/12 v1.61803398 Publication quality tables
\heavyrulewidth=\dimen175
\lightrulewidth=\dimen176
\cmidrulewidth=\dimen177
\belowrulesep=\dimen178
\belowbottomsep=\dimen179
\aboverulesep=\dimen180
\abovetopsep=\dimen181
\cmidrulesep=\dimen182
\cmidrulekern=\dimen183
\defaultaddspace=\dimen184
\@cmidla=\count300
\@cmidlb=\count301
\@aboverulesep=\dimen185
\@belowrulesep=\dimen186
\@thisruleclass=\count302
\@lastruleclass=\count303
\@thisrulewidth=\dimen187
) (/usr/share/texmf-dist/tex/latex/tools/tabularx.sty
Package: tabularx 2023/12/11 v2.12a `tabularx' package (DPC)
 (/usr/share/texmf-dist/tex/latex/tools/array.sty
Package: array 2025/09/25 v2.6n Tabular extension package (FMi)
\col@sep=\dimen188
\ar@mcellbox=\box55
\extrarowheight=\dimen189
\NC@list=\toks26
\extratabsurround=\skip68
\backup@length=\skip69
\ar@cellbox=\box56
)
\TX@col@width=\dimen190
\TX@old@table=\dimen191
\TX@old@col=\dimen192
\TX@target=\dimen193
\TX@delta=\dimen194
\TX@cols=\count304
\TX@ftn=\toks27
) (/usr/share/texmf-dist/tex/latex/amsmath/amsmath.sty
Package: amsmath 2025/07/09 v2.17z AMS math features
\@mathmargin=\skip70

For additional information on amsmath, use the `?' option.
(/usr/share/texmf-dist/tex/latex/amsmath/amstext.sty
Package: amstext 2024/11/17 v2.01 AMS text
 (/usr/share/texmf-dist/tex/latex/amsmath/amsgen.sty
File: amsgen.sty 1999/11/30 v2.0 generic functions
\@emptytoks=\toks28
\ex@=\dimen195
)) (/usr/share/texmf-dist/tex/latex/amsmath/amsbsy.sty
Package: amsbsy 1999/11/29 v1.2d Bold Symbols
\pmbraise@=\dimen196
) (/usr/share/texmf-dist/tex/latex/amsmath/amsopn.sty
Package: amsopn 2022/04/08 v2.04 operator names
)
\inf@bad=\count305
LaTeX Info: Redefining \frac on input line 233.
\uproot@=\count306
\leftroot@=\count307
LaTeX Info: Redefining \overline on input line 398.
LaTeX Info: Redefining \colon on input line 409.
\classnum@=\count308
\DOTSCASE@=\count309
LaTeX Info: Redefining \ldots on input line 495.
LaTeX Info: Redefining \dots on input line 498.
LaTeX Info: Redefining \cdots on input line 619.
\Mathstrutbox@=\box57
\strutbox@=\box58
LaTeX Info: Redefining \big on input line 721.
LaTeX Info: Redefining \Big on input line 722.
LaTeX Info: Redefining \bigg on input line 723.
LaTeX Info: Redefining \Bigg on input line 724.
\big@size=\dimen197
LaTeX Font Info:    Redeclaring font encoding OML on input line 742.
LaTeX Font Info:    Redeclaring font encoding OMS on input line 743.
\macc@depth=\count310
LaTeX Info: Redefining \bmod on input line 904.
LaTeX Info: Redefining \pmod on input line 909.
LaTeX Info: Redefining \smash on input line 939.
LaTeX Info: Redefining \relbar on input line 969.
LaTeX Info: Redefining \Relbar on input line 970.
\c@MaxMatrixCols=\count311
\dotsspace@=\muskip17
\c@parentequation=\count312
\dspbrk@lvl=\count313
\tag@help=\toks29
\row@=\count314
\column@=\count315
\maxfields@=\count316
\andhelp@=\toks30
\eqnshift@=\dimen198
\alignsep@=\dimen199
\tagshift@=\dimen256
\tagwidth@=\dimen257
\totwidth@=\dimen258
\lineht@=\dimen259
\@envbody=\toks31
\multlinegap=\skip71
\multlinetaggap=\skip72
\mathdisplay@stack=\toks32
LaTeX Info: Redefining \[ on input line 2950.
LaTeX Info: Redefining \] on input line 2951.
) (/usr/share/texmf-dist/tex/latex/amsfonts/amsfonts.sty
Package: amsfonts 2013/01/14 v3.01 Basic AMSFonts support
\symAMSa=\mathgroup4
\symAMSb=\mathgroup5
LaTeX Font Info:    Redeclaring math symbol \hbar on input line 98.
LaTeX Font Info:    Overwriting math alphabet `\mathfrak' in version `bold'
(Font)                  U/euf/m/n --> U/euf/b/n on input line 106.
) (/usr/share/texmf-dist/tex/latex/amsfonts/amssymb.sty
Package: amssymb 2013/01/14 v3.01 AMS font symbols
) (/usr/share/texmf-dist/tex/latex/listings/listings.sty
\lst@mode=\count317
\lst@gtempboxa=\box59
\lst@token=\toks33
\lst@length=\count318
\lst@currlwidth=\dimen260
\lst@column=\count319
\lst@pos=\count320
\lst@lostspace=\dimen261
\lst@width=\dimen262
\lst@newlines=\count321
\lst@lineno=\count322
\lst@maxwidth=\dimen263
 (/usr/share/texmf-dist/tex/latex/listings/lstpatch.sty
File: lstpatch.sty 2025/11/14 1.11b (Carsten Heinz)
) (/usr/share/texmf-dist/tex/latex/listings/lstmisc.sty
File: lstmisc.sty 2025/11/14 1.11b (Carsten Heinz)
\c@lstnumber=\count323
\lst@skipnumbers=\count324
\lst@framebox=\box60
) (/usr/share/texmf-dist/tex/latex/listings/listings.cfg
File: listings.cfg 2025/11/14 1.11b listings configuration
))
Package: listings 2025/11/14 1.11b (Carsten Heinz)

==> First Aid for listings.sty no longer applied!
    Expected:
        2024/09/23 1.10c (Carsten Heinz)
    but found:
        2025/11/14 1.11b (Carsten Heinz)
    so I'm assuming it got fixed.
(/usr/share/texmf-dist/tex/latex/float/float.sty
Package: float 2001/11/08 v1.3d Float enhancements (AL)
\c@float@type=\count325
\float@exts=\toks34
\float@box=\box61
\@float@everytoks=\toks35
\@floatcapt=\box62
) (/usr/share/texmf-dist/tex/latex/caption/subcaption.sty
Package: subcaption 2023/07/28 v1.6b Sub-captions (AR)
 (/usr/share/texmf-dist/tex/latex/caption/caption.sty
Package: caption 2023/08/05 v3.6o Customizing captions (AR)
 (/usr/share/texmf-dist/tex/latex/caption/caption3.sty
Package: caption3 2023/07/31 v2.4d caption3 kernel (AR)
\caption@tempdima=\dimen264
\captionmargin=\dimen265
\caption@leftmargin=\dimen266
\caption@rightmargin=\dimen267
\caption@width=\dimen268
\caption@indent=\dimen269
\caption@parindent=\dimen270
\caption@hangindent=\dimen271
Package caption Info: Standard document class detected.
Package caption Info: french babel package is loaded.
)
\c@caption@flags=\count326
\c@continuedfloat=\count327
Package caption Info: float package is loaded.
Package caption Info: listings package is loaded.
)
Package caption Info: New subtype `subfigure' on input line 238.
\c@subfigure=\count328
Package caption Info: New subtype `subtable' on input line 238.
\c@subtable=\count329
) (/usr/share/texmf-dist/tex/latex/hyperref/hyperref.sty
Package: hyperref 2026-01-29 v7.01p Hypertext links for LaTeX
 (/usr/share/texmf-dist/tex/latex/kvsetkeys/kvsetkeys.sty
Package: kvsetkeys 2022-10-05 v1.19 Key value parser (HO)
) (/usr/share/texmf-dist/tex/generic/kvdefinekeys/kvdefinekeys.sty
Package: kvdefinekeys 2019-12-19 v1.6 Define keys (HO)
) (/usr/share/texmf-dist/tex/generic/pdfescape/pdfescape.sty
Package: pdfescape 2019/12/09 v1.15 Implements pdfTeX's escape features (HO)
 (/usr/share/texmf-dist/tex/generic/ltxcmds/ltxcmds.sty
Package: ltxcmds 2023-12-04 v1.26 LaTeX kernel commands for general use (HO)
) (/usr/share/texmf-dist/tex/generic/pdftexcmds/pdftexcmds.sty
Package: pdftexcmds 2020-06-27 v0.33 Utility functions of pdfTeX for LuaTeX (HO)
 (/usr/share/texmf-dist/tex/generic/infwarerr/infwarerr.sty
Package: infwarerr 2019/12/03 v1.5 Providing info/warning/error messages (HO)
)
Package pdftexcmds Info: \pdf@primitive is available.
Package pdftexcmds Info: \pdf@ifprimitive is available.
Package pdftexcmds Info: \pdfdraftmode found.
)) (/usr/share/texmf-dist/tex/latex/hycolor/hycolor.sty
Package: hycolor 2020-01-27 v1.10 Color options for hyperref/bookmark (HO)
) (/usr/share/texmf-dist/tex/latex/hyperref/nameref.sty
Package: nameref 2026-01-29 v2.58 Cross-referencing by name of section
 (/usr/share/texmf-dist/tex/latex/refcount/refcount.sty
Package: refcount 2019/12/15 v3.6 Data extraction from label references (HO)
) (/usr/share/texmf-dist/tex/generic/gettitlestring/gettitlestring.sty
Package: gettitlestring 2019/12/15 v1.6 Cleanup title references (HO)
 (/usr/share/texmf-dist/tex/latex/kvoptions/kvoptions.sty
Package: kvoptions 2022-06-15 v3.15 Key value format for package options (HO)
))
\c@section@level=\count330
) (/usr/share/texmf-dist/tex/generic/stringenc/stringenc.sty
Package: stringenc 2019/11/29 v1.12 Convert strings between diff. encodings (HO)
)
\@linkdim=\dimen272
\Hy@linkcounter=\count331
\Hy@pagecounter=\count332
 (/usr/share/texmf-dist/tex/latex/hyperref/pd1enc.def
File: pd1enc.def 2026-01-29 v7.01p Hyperref: PDFDocEncoding definition (HO)
Now handling font encoding PD1 ...
... no UTF-8 mapping file for font encoding PD1
) (/usr/share/texmf-dist/tex/generic/intcalc/intcalc.sty
Package: intcalc 2019/12/15 v1.3 Expandable calculations with integers (HO)
)
\Hy@SavedSpaceFactor=\count333
 (/usr/share/texmf-dist/tex/latex/hyperref/puenc.def
File: puenc.def 2026-01-29 v7.01p Hyperref: PDF Unicode definition (HO)
Now handling font encoding PU ...
... no UTF-8 mapping file for font encoding PU
)
Package hyperref Info: Hyper figures OFF on input line 4201.
Package hyperref Info: Link nesting OFF on input line 4206.
Package hyperref Info: Hyper index ON on input line 4209.
Package hyperref Info: Plain pages OFF on input line 4216.
Package hyperref Info: Backreferencing OFF on input line 4221.
Package hyperref Info: Implicit mode ON; LaTeX internals redefined.
Package hyperref Info: Bookmarks ON on input line 4468.
\c@Hy@tempcnt=\count334
 (/usr/share/texmf-dist/tex/latex/url/url.sty
\Urlmuskip=\muskip18
Package: url 2013/09/16  ver 3.4  Verb mode for urls, etc.
)
LaTeX Info: Redefining \url on input line 4807.
\XeTeXLinkMargin=\dimen273
 (/usr/share/texmf-dist/tex/generic/bitset/bitset.sty
Package: bitset 2019/12/09 v1.3 Handle bit-vector datatype (HO)
 (/usr/share/texmf-dist/tex/generic/bigintcalc/bigintcalc.sty
Package: bigintcalc 2019/12/15 v1.5 Expandable calculations on big integers (HO)
))
\Fld@menulength=\count335
\Field@Width=\dimen274
\Fld@charsize=\dimen275
Package hyperref Info: Hyper figures OFF on input line 6084.
Package hyperref Info: Link nesting OFF on input line 6089.
Package hyperref Info: Hyper index ON on input line 6092.
Package hyperref Info: backreferencing OFF on input line 6099.
Package hyperref Info: Link coloring OFF on input line 6104.
Package hyperref Info: Link coloring with OCG OFF on input line 6109.
Package hyperref Info: PDF/A mode OFF on input line 6114.
\Hy@abspage=\count336
\c@Item=\count337
\c@Hfootnote=\count338
)
Package hyperref Info: Driver (autodetected): hpdftex.
 (/usr/share/texmf-dist/tex/latex/hyperref/hpdftex.def
File: hpdftex.def 2026-01-29 v7.01p Hyperref driver for pdfTeX
\Fld@listcount=\count339
\c@bookmark@seq@number=\count340
 (/usr/share/texmf-dist/tex/latex/rerunfilecheck/rerunfilecheck.sty
Package: rerunfilecheck 2025-06-21 v1.11 Rerun checks for auxiliary files (HO)
 (/usr/share/texmf-dist/tex/generic/uniquecounter/uniquecounter.sty
Package: uniquecounter 2019/12/15 v1.4 Provide unlimited unique counter (HO)
)
Package uniquecounter Info: New unique counter `rerunfilecheck' on input line 284.
)
\Hy@SectionHShift=\skip73
)
Package hyperref Info: Option `colorlinks' set `true' on input line 90.
LaTeX Font Info:    Trying to load font information for T1+lmr on input line 105.
 (/usr/share/texmf-dist/tex/latex/lm/t1lmr.fd
File: t1lmr.fd 2015/05/01 v1.6.1 Font defs for Latin Modern
) (/usr/share/texmf-dist/tex/latex/l3backend/l3backend-pdftex.def
File: l3backend-pdftex.def 2025-10-09 L3 backend support: PDF output (pdfTeX)
\l__color_backend_stack_int=\count341
) (./rapport.aux
Package babel Info: 'french' activates 'french' shorthands.
(babel)             Reported on input line 11.
)
\openout1 = `rapport.aux'.

LaTeX Font Info:    Checking defaults for OML/cmm/m/it on input line 105.
LaTeX Font Info:    ... okay on input line 105.
LaTeX Font Info:    Checking defaults for OMS/cmsy/m/n on input line 105.
LaTeX Font Info:    ... okay on input line 105.
LaTeX Font Info:    Checking defaults for OT1/cmr/m/n on input line 105.
LaTeX Font Info:    ... okay on input line 105.
LaTeX Font Info:    Checking defaults for T1/cmr/m/n on input line 105.
LaTeX Font Info:    ... okay on input line 105.
LaTeX Font Info:    Checking defaults for TS1/cmr/m/n on input line 105.
LaTeX Font Info:    ... okay on input line 105.
LaTeX Font Info:    Checking defaults for OMX/cmex/m/n on input line 105.
LaTeX Font Info:    ... okay on input line 105.
LaTeX Font Info:    Checking defaults for U/cmr/m/n on input line 105.
LaTeX Font Info:    ... okay on input line 105.
LaTeX Font Info:    Checking defaults for PD1/pdf/m/n on input line 105.
LaTeX Font Info:    ... okay on input line 105.
LaTeX Font Info:    Checking defaults for PU/pdf/m/n on input line 105.
LaTeX Font Info:    ... okay on input line 105.
LaTeX Info: Redefining \degres on input line 105.
LaTeX Info: Redefining \microtypecontext on input line 105.
Package microtype Info: Applying patch `item' on input line 105.
Package microtype Info: Applying patch `toc' on input line 105.
Package microtype Info: Applying patch `eqnum' on input line 105.
Package microtype Info: Applying patch `footnote' on input line 105.
Package microtype Info: Applying patch `verbatim' on input line 105.
LaTeX Info: Redefining \microtypesetup on input line 105.
Package microtype Info: Generating PDF output.
Package microtype Info: Character protrusion enabled (level 2).
Package microtype Info: Using default protrusion set `alltext'.
Package microtype Info: Automatic font expansion enabled (level 2),
(microtype)             stretch: 20, shrink: 20, step: 1, non-selected.
Package microtype Info: Using default expansion set `alltext-nott'.
Package microtype Info: Patching command `\showhyphens'.
Package microtype Info: No adjustment of tracking.
Package microtype Info: No adjustment of interword spacing.
Package microtype Info: No adjustment of character kerning.
 (/usr/share/texmf-dist/tex/latex/microtype/mt-cmr.cfg
File: mt-cmr.cfg 2013/05/19 v2.2 microtype config. file: Computer Modern Roman (RS)
)
*geometry* driver: auto-detecting
*geometry* detected driver: pdftex
*geometry* verbose mode - [ preamble ] result:
* driver: pdftex
* paper: a4paper
* layout: <same size as paper>
* layoutoffset:(h,v)=(0.0pt,0.0pt)
* modes: 
* h-part:(L,W,R)=(71.13188pt, 455.24411pt, 71.13188pt)
* v-part:(T,H,B)=(71.13188pt, 702.78308pt, 71.13188pt)
* \paperwidth=597.50787pt
* \paperheight=845.04684pt
* \textwidth=455.24411pt
* \textheight=702.78308pt
* \oddsidemargin=-1.1381pt
* \evensidemargin=-1.1381pt
* \topmargin=-41.1381pt
* \headheight=15.0pt
* \headsep=25.0pt
* \topskip=12.0pt
* \footskip=30.0pt
* \marginparwidth=35.0pt
* \marginparsep=10.0pt
* \columnsep=10.0pt
* \skip\footins=10.8pt plus 4.0pt minus 2.0pt
* \hoffset=0.0pt
* \voffset=0.0pt
* \mag=1000
* \@twocolumnfalse
* \@twosidefalse
* \@mparswitchfalse
* \@reversemarginfalse
* (1in=72.27pt=25.4mm, 1cm=28.453pt)

(/usr/share/texmf-dist/tex/context/base/mkii/supp-pdf.mkii
[Loading MPS to PDF converter (version 2006.09.02).]
\scratchcounter=\count342
\scratchdimen=\dimen276
\scratchbox=\box63
\nofMPsegments=\count343
\nofMParguments=\count344
\everyMPshowfont=\toks36
\MPscratchCnt=\count345
\MPscratchDim=\dimen277
\MPnumerator=\count346
\makeMPintoPDFobject=\count347
\everyMPtoPDFconversion=\toks37
) (/usr/share/texmf-dist/tex/latex/epstopdf-pkg/epstopdf-base.sty
Package: epstopdf-base 2020-01-24 v2.11 Base part for package epstopdf
Package epstopdf-base Info: Redefining graphics rule for `.eps' on input line 485.
 (/usr/share/texmf-dist/tex/latex/latexconfig/epstopdf-sys.cfg
File: epstopdf-sys.cfg 2010/07/13 v1.3 Configuration of (r)epstopdf for TeX Live
))
\c@lstlisting=\count348
Package caption Info: Begin \AtBeginDocument code.
Package caption Info: hyperref package is loaded.
Package caption Info: End \AtBeginDocument code.
Package hyperref Info: Link coloring ON on input line 105.
 (./rapport.out) (./rapport.out)
\@outlinefile=\write3
\openout3 = `rapport.out'.

LaTeX Font Info:    Trying to load font information for OT1+lmr on input line 119.
 (/usr/share/texmf-dist/tex/latex/lm/ot1lmr.fd
File: ot1lmr.fd 2015/05/01 v1.6.1 Font defs for Latin Modern
)
LaTeX Font Info:    Trying to load font information for OML+lmm on input line 119.
 (/usr/share/texmf-dist/tex/latex/lm/omllmm.fd
File: omllmm.fd 2015/05/01 v1.6.1 Font defs for Latin Modern
)
LaTeX Font Info:    Trying to load font information for OMS+lmsy on input line 119.
 (/usr/share/texmf-dist/tex/latex/lm/omslmsy.fd
File: omslmsy.fd 2015/05/01 v1.6.1 Font defs for Latin Modern
)
LaTeX Font Info:    Trying to load font information for OMX+lmex on input line 119.
 (/usr/share/texmf-dist/tex/latex/lm/omxlmex.fd
File: omxlmex.fd 2015/05/01 v1.6.1 Font defs for Latin Modern
)
LaTeX Font Info:    External font `lmex10' loaded for size
(Font)              <12> on input line 119.
LaTeX Font Info:    External font `lmex10' loaded for size
(Font)              <8> on input line 119.
LaTeX Font Info:    External font `lmex10' loaded for size
(Font)              <6> on input line 119.
LaTeX Font Info:    Trying to load font information for U+msa on input line 119.
 (/usr/share/texmf-dist/tex/latex/amsfonts/umsa.fd
File: umsa.fd 2013/01/14 v3.01 AMS symbols A
) (/usr/share/texmf-dist/tex/latex/microtype/mt-msa.cfg
File: mt-msa.cfg 2006/02/04 v1.1 microtype config. file: AMS symbols (a) (RS)
)
LaTeX Font Info:    Trying to load font information for U+msb on input line 119.
 (/usr/share/texmf-dist/tex/latex/amsfonts/umsb.fd
File: umsb.fd 2013/01/14 v3.01 AMS symbols B
) (/usr/share/texmf-dist/tex/latex/microtype/mt-msb.cfg
File: mt-msb.cfg 2005/06/01 v1.0 microtype config. file: AMS symbols (b) (RS)
)
LaTeX Font Info:    Trying to load font information for T1+lmss on input line 131.
 (/usr/share/texmf-dist/tex/latex/lm/t1lmss.fd
File: t1lmss.fd 2015/05/01 v1.6.1 Font defs for Latin Modern
)
Package microtype Info: Loading generic protrusion settings for font family
(microtype)             `lmss' (encoding: T1).
(microtype)             For optimal results, create family-specific settings.
(microtype)             See the microtype manual for details.

Underfull \hbox (badness 10000) in paragraph at lines 151--151
[]|\T1/lmr/bx/n/12 (+20) Tuteur universitaire : \T1/lmr/m/n/12 (+20) Mariko
 []

[1

{/var/lib/texmf/fonts/map/pdftex/updmap/pdftex.map}{/usr/share/texmf-dist/fonts/enc/dvips/lm/lm-ec.enc}]
Overfull \hbox (0.10458pt too wide) in paragraph at lines 166--172
\T1/lmr/bx/n/12 (-20) DUNSEATH-TERAO \T1/lmr/m/n/12 (-20) et \T1/lmr/bx/n/12 (-20) Kevin DUNSEATH\T1/lmr/m/n/12 (-20) , pour leur accueil, leur suivi académique,
 []


Underfull \hbox (badness 10000) in paragraph at lines 166--172

 []


pdfTeX warning (ext4): destination with the same identifier (name{page.1}) has been already used, duplicate ignored
<to be read again> 
                   \relax 
l.178 \newpage
               [1

] (./rapport.toc
LaTeX Font Info:    Trying to load font information for TS1+lmr on input line 14.
 (/usr/share/texmf-dist/tex/latex/lm/ts1lmr.fd
File: ts1lmr.fd 2015/05/01 v1.6.1 Font defs for Latin Modern
) [2

{/usr/share/texmf-dist/fonts/enc/dvips/lm/lm-mathit.enc}{/usr/share/texmf-dist/fonts/enc/dvips/lm/lm-rm.enc}{/usr/share/texmf-dist/fonts/enc/dvips/lm/lm-ts1.enc}])
\tf@toc=\write4
\openout4 = `rapport.toc'.

Package babel Info: 'french' activates 'french' shorthands.
(babel)             Reported on input line 184.
 [3] (./rapport.lof
LaTeX Font Info:    Trying to load font information for T1+lmtt on input line 18.
 (/usr/share/texmf-dist/tex/latex/lm/t1lmtt.fd
File: t1lmtt.fd 2015/05/01 v1.6.1 Font defs for Latin Modern
)
Package microtype Info: Loading generic protrusion settings for font family
(microtype)             `lmtt' (encoding: T1).
(microtype)             For optimal results, create family-specific settings.
(microtype)             See the microtype manual for details.

Overfull \hbox (7.32603pt too wide) in paragraph at lines 18--18
 [][] [][][]\T1/lmr/m/n/12 (-20) Coupe de la PES pour $\OML/lmm/m/it/12 R \OT1/lmr/m/n/12 (-20) = 7\OML/lmm/m/it/12 :\OT1/lmr/m/n/12 (-20) 5 \OML/lmm/m/it/12 a[]$ \T1/lmr/m/n/12 (-20) sur quatre configurations de \T1/lmtt/m/n/12 least_squares 
 []

)
\tf@lof=\write5
\openout5 = `rapport.lof'.

 [4

]
Chapitre 1.

Overfull \hbox (25.27943pt too wide) in paragraph at lines 191--191
|[]\T1/lmr/bx/n/24.88 (-20) Présentation de la Structure d'Accueil| 
 []


Underfull \hbox (badness 10000) in paragraph at lines 193--200

 []


Underfull \hbox (badness 10000) in paragraph at lines 201--205

 []


Underfull \hbox (badness 10000) in paragraph at lines 206--210

 []


Underfull \hbox (badness 10000) in paragraph at lines 211--214

 []

[5

]
Chapitre 2.

Overfull \hbox (0.14783pt too wide) in paragraph at lines 224--227
\T1/lmr/m/n/12 (-20) mécanique quantique via une fonction d'onde $\OT1/lmr/m/n/12 (-20) 	([]\OML/lmm/m/it/12 ; []\OT1/lmr/m/n/12 (-20) )$\T1/lmr/m/n/12 (-20) , solution de l'équation de Schrödinger : 
 []


Underfull \hbox (badness 10000) in paragraph at lines 259--264

 []

<../Figures/Soutenance/Systeme.png, id=283, 1192.455pt x 724.7075pt>
File: ../Figures/Soutenance/Systeme.png Graphic file (type png)
<use ../Figures/Soutenance/Systeme.png>
Package pdftex.def Info: ../Figures/Soutenance/Systeme.png  used on input line 267.
(pdftex.def)             Requested size: 250.38564pt x 152.17094pt.
Package microtype Info: Character `029' is missing
(microtype)             in font `T1/lmr/m/sc/12'.
(microtype)             Ignoring protrusion settings for this character.

LaTeX Warning: `h' float specifier changed to `ht'.

[6

]
<../Figures/Rapport/Description-PES.png, id=295, 560.0925pt x 385.9218pt>
File: ../Figures/Rapport/Description-PES.png Graphic file (type png)
<use ../Figures/Rapport/Description-PES.png>
Package pdftex.def Info: ../Figures/Rapport/Description-PES.png  used on input line 296.
(pdftex.def)             Requested size: 250.38564pt x 172.52669pt.
 [7{/usr/share/texmf-dist/fonts/enc/dvips/lm/lm-mathsy.enc} <../Figures/Soutenance/Systeme.png> <../Figures/Rapport/Description-PES.png>]
Underfull \hbox (badness 10000) in paragraph at lines 306--309

 []


Underfull \hbox (badness 10000) in paragraph at lines 310--315

 []


Underfull \hbox (badness 10000) in paragraph at lines 316--322

 []

LaTeX Font Info:    External font `lmex10' loaded for size
(Font)              <10.95> on input line 328.
<../Figures/Rapport/diff-data_Toczylowski-R7_5.png, id=307, 498.663pt x 353.4003pt>
File: ../Figures/Rapport/diff-data_Toczylowski-R7_5.png Graphic file (type png)
<use ../Figures/Rapport/diff-data_Toczylowski-R7_5.png>
Package pdftex.def Info: ../Figures/Rapport/diff-data_Toczylowski-R7_5.png  used on input line 329.
(pdftex.def)             Requested size: 204.85846pt x 145.18085pt.
<../Figures/Rapport/diff-data_Toczylowski-R8.png, id=308, 498.663pt x 354.123pt>
File: ../Figures/Rapport/diff-data_Toczylowski-R8.png Graphic file (type png)
<use ../Figures/Rapport/diff-data_Toczylowski-R8.png>
Package pdftex.def Info: ../Figures/Rapport/diff-data_Toczylowski-R8.png  used on input line 334.
(pdftex.def)             Requested size: 204.85846pt x 145.47774pt.

Underfull \hbox (badness 10000) in paragraph at lines 338--343

 []

[8 <../Figures/Rapport/diff-data_Toczylowski-R7_5.png> <../Figures/Rapport/diff-data_Toczylowski-R8.png>]
LaTeX Font Info:    External font `lmex10' loaded for size
(Font)              <14.4> on input line 352.
LaTeX Font Info:    External font `lmex10' loaded for size
(Font)              <10> on input line 352.
LaTeX Font Info:    External font `lmex10' loaded for size
(Font)              <7> on input line 352.


Package hyperref Warning: Token not allowed in a PDF string (Unicode):
(hyperref)                removing `math shift' on input line 352.


Package hyperref Warning: Token not allowed in a PDF string (Unicode):
(hyperref)                removing `subscript' on input line 352.


Package hyperref Warning: Token not allowed in a PDF string (Unicode):
(hyperref)                removing `math shift' on input line 352.


Package hyperref Warning: Token not allowed in a PDF string (Unicode):
(hyperref)                removing `math shift' on input line 362.


Package hyperref Warning: Token not allowed in a PDF string (Unicode):
(hyperref)                removing `subscript' on input line 362.


Package hyperref Warning: Token not allowed in a PDF string (Unicode):
(hyperref)                removing `math shift' on input line 362.

[9{/usr/share/texmf-dist/fonts/enc/dvips/lm/lm-mathex.enc}]
Chapitre 3.

Underfull \hbox (badness 10000) in paragraph at lines 430--433

 []

[10

]
Overfull \hbox (1.83527pt too wide) in paragraph at lines 452--457
\T1/lmr/m/n/12 (-20) Contrairement aux deux méthodes précédentes qui sont des optimisateurs locaux dépendants
 []


Overfull \hbox (10.86156pt too wide) in paragraph at lines 452--457
\T1/lmr/m/n/12 (-20) d'un bon choix de point initial $\OML/lmm/m/it/12 p[]$\T1/lmr/m/n/12 (-20) , []\T1/lmtt/m/n/12 differential_evolution \T1/lmr/m/n/12 (-20) est un algorithme d'optimisation
 []


Underfull \hbox (badness 10000) in paragraph at lines 452--457

 []

LaTeX Font Info:    External font `lmex10' loaded for size
(Font)              <5> on input line 469.

Underfull \hbox (badness 10000) in paragraph at lines 464--470

 []

[11]
Underfull \hbox (badness 10000) in paragraph at lines 494--496

 []


Overfull \hbox (8.28532pt too wide) in paragraph at lines 533--538
\T1/lmr/m/n/12 (-20) Pour éviter tout biais dans les mesures, on effectue les tests dans des conditions expérimentales
 []

[12]
Underfull \hbox (badness 10000) in paragraph at lines 561--566

 []

[13] [14]
Chapitre 4.

Underfull \hbox (badness 10000) in paragraph at lines 641--646

 []


Underfull \hbox (badness 10000) in paragraph at lines 647--652

 []


Underfull \hbox (badness 10000) in paragraph at lines 653--656

 []

<../Figures/Rapport/surf1-R7_5.png, id=388, 498.663pt x 353.4003pt>
File: ../Figures/Rapport/surf1-R7_5.png Graphic file (type png)
<use ../Figures/Rapport/surf1-R7_5.png>
Package pdftex.def Info: ../Figures/Rapport/surf1-R7_5.png  used on input line 663.
(pdftex.def)             Requested size: 204.85846pt x 145.18085pt.
<../Figures/Rapport/surf1-R8.png, id=389, 498.663pt x 353.4003pt>
File: ../Figures/Rapport/surf1-R8.png Graphic file (type png)
<use ../Figures/Rapport/surf1-R8.png>
Package pdftex.def Info: ../Figures/Rapport/surf1-R8.png  used on input line 668.
(pdftex.def)             Requested size: 204.85846pt x 145.18085pt.
<../Figures/Rapport/surf1-R15.png, id=390, 498.663pt x 354.123pt>
File: ../Figures/Rapport/surf1-R15.png Graphic file (type png)
<use ../Figures/Rapport/surf1-R15.png>
Package pdftex.def Info: ../Figures/Rapport/surf1-R15.png  used on input line 674.
(pdftex.def)             Requested size: 204.85846pt x 145.47774pt.

Underfull \hbox (badness 10000) in paragraph at lines 678--684

 []

[15

 <../Figures/Rapport/surf1-R7_5.png> <../Figures/Rapport/surf1-R8.png> <../Figures/Rapport/surf1-R15.png>]
<../Figures/Rapport/err-rel-surf1-T0.png, id=401, 498.663pt x 426.393pt>
File: ../Figures/Rapport/err-rel-surf1-T0.png Graphic file (type png)
<use ../Figures/Rapport/err-rel-surf1-T0.png>
Package pdftex.def Info: ../Figures/Rapport/err-rel-surf1-T0.png  used on input line 691.
(pdftex.def)             Requested size: 204.85846pt x 175.16708pt.
<../Figures/Rapport/err-rel-surf1-T90.png, id=402, 498.663pt x 426.393pt>
File: ../Figures/Rapport/err-rel-surf1-T90.png Graphic file (type png)
<use ../Figures/Rapport/err-rel-surf1-T90.png>
Package pdftex.def Info: ../Figures/Rapport/err-rel-surf1-T90.png  used on input line 696.
(pdftex.def)             Requested size: 204.85846pt x 175.16708pt.
<../Figures/Rapport/err-rel-surf1-T180.png, id=403, 498.663pt x 426.393pt>
File: ../Figures/Rapport/err-rel-surf1-T180.png Graphic file (type png)
<use ../Figures/Rapport/err-rel-surf1-T180.png>
Package pdftex.def Info: ../Figures/Rapport/err-rel-surf1-T180.png  used on input line 701.
(pdftex.def)             Requested size: 204.85846pt x 175.16708pt.
 [16 <../Figures/Rapport/err-rel-surf1-T0.png> <../Figures/Rapport/err-rel-surf1-T90.png> <../Figures/Rapport/err-rel-surf1-T180.png>]
Overfull \hbox (37.83115pt too wide) in paragraph at lines 711--717
\T1/lmr/m/n/12 (-20) distance R[][][][][]. On utilise les méthodes \T1/lmtt/m/n/12 curve_fit, least_squares et differential_evolution\T1/lmr/m/n/12 (-20) . 
 []


Underfull \hbox (badness 10000) in paragraph at lines 711--717

 []


Underfull \hbox (badness 10000) in paragraph at lines 760--764

 []

<../Figures/Rapport/surf2-selec-R6.png, id=417, 498.663pt x 353.4003pt>
File: ../Figures/Rapport/surf2-selec-R6.png Graphic file (type png)
<use ../Figures/Rapport/surf2-selec-R6.png>
Package pdftex.def Info: ../Figures/Rapport/surf2-selec-R6.png  used on input line 774.
(pdftex.def)             Requested size: 204.85846pt x 145.18085pt.
<../Figures/Rapport/surf2-selec-R8_3.png, id=418, 498.663pt x 353.4003pt>
File: ../Figures/Rapport/surf2-selec-R8_3.png Graphic file (type png)
<use ../Figures/Rapport/surf2-selec-R8_3.png>
Package pdftex.def Info: ../Figures/Rapport/surf2-selec-R8_3.png  used on input line 779.
(pdftex.def)             Requested size: 204.85846pt x 145.18085pt.
<../Figures/Rapport/surf2-selec-R15.png, id=419, 498.663pt x 353.4003pt>
File: ../Figures/Rapport/surf2-selec-R15.png Graphic file (type png)
<use ../Figures/Rapport/surf2-selec-R15.png>
Package pdftex.def Info: ../Figures/Rapport/surf2-selec-R15.png  used on input line 784.
(pdftex.def)             Requested size: 204.85846pt x 145.18085pt.
[17]
Underfull \hbox (badness 10000) in paragraph at lines 788--796

 []

[18 <../Figures/Rapport/surf2-selec-R6.png> <../Figures/Rapport/surf2-selec-R8_3.png> <../Figures/Rapport/surf2-selec-R15.png>]
<../Figures/Soutenance/HCN-HNC-T0.png, id=445, 497.9403pt x 353.4003pt>
File: ../Figures/Soutenance/HCN-HNC-T0.png Graphic file (type png)
<use ../Figures/Soutenance/HCN-HNC-T0.png>
Package pdftex.def Info: ../Figures/Soutenance/HCN-HNC-T0.png  used on input line 840.
(pdftex.def)             Requested size: 204.85846pt x 145.39116pt.
<../Figures/Soutenance/HCN-HNC-T90.png, id=446, 498.663pt x 353.4003pt>
File: ../Figures/Soutenance/HCN-HNC-T90.png Graphic file (type png)
<use ../Figures/Soutenance/HCN-HNC-T90.png>
Package pdftex.def Info: ../Figures/Soutenance/HCN-HNC-T90.png  used on input line 845.
(pdftex.def)             Requested size: 204.85846pt x 145.18085pt.
<../Figures/Soutenance/HCN-HNC-T180.png, id=447, 497.9403pt x 353.4003pt>
File: ../Figures/Soutenance/HCN-HNC-T180.png Graphic file (type png)
<use ../Figures/Soutenance/HCN-HNC-T180.png>
Package pdftex.def Info: ../Figures/Soutenance/HCN-HNC-T180.png  used on input line 850.
(pdftex.def)             Requested size: 204.85846pt x 145.39116pt.
 [19 <../Figures/Soutenance/HCN-HNC-T0.png> <../Figures/Soutenance/HCN-HNC-T90.png> <../Figures/Soutenance/HCN-HNC-T180.png>]
Underfull \hbox (badness 10000) in paragraph at lines 864--870

 []

<../Figures/Rapport/NN-T0.png, id=458, 415.5525pt x 314.3745pt>
File: ../Figures/Rapport/NN-T0.png Graphic file (type png)
<use ../Figures/Rapport/NN-T0.png>
Package pdftex.def Info: ../Figures/Rapport/NN-T0.png  used on input line 877.
(pdftex.def)             Requested size: 204.85846pt x 154.98026pt.
<../Figures/Rapport/NN-T90.png, id=459, 409.0482pt x 314.3745pt>
File: ../Figures/Rapport/NN-T90.png Graphic file (type png)
<use ../Figures/Rapport/NN-T90.png>
Package pdftex.def Info: ../Figures/Rapport/NN-T90.png  used on input line 882.
(pdftex.def)             Requested size: 204.85846pt x 157.44109pt.
<../Figures/Rapport/NN-T180.png, id=460, 415.5525pt x 314.3745pt>
File: ../Figures/Rapport/NN-T180.png Graphic file (type png)
<use ../Figures/Rapport/NN-T180.png>
Package pdftex.def Info: ../Figures/Rapport/NN-T180.png  used on input line 887.
(pdftex.def)             Requested size: 204.85846pt x 154.98026pt.
[20 <../Figures/Rapport/NN-T0.png> <../Figures/Rapport/NN-T90.png> <../Figures/Rapport/NN-T180.png>]
Chapitre 5.

Overfull \hbox (30.73056pt too wide) in paragraph at lines 902--908
\T1/lmr/m/n/12 (-20) La comparaison des trois algorithmes ([][]3.2[][]) a mis en évidence le fait que \T1/lmtt/m/n/12 differential_evolution
 []


Underfull \hbox (badness 10000) in paragraph at lines 902--908

 []


Underfull \hbox (badness 10000) in paragraph at lines 920--923

 []


Underfull \hbox (badness 10000) in paragraph at lines 924--929

 []


Underfull \hbox (badness 10000) in paragraph at lines 930--937

 []

[21

]
Underfull \hbox (badness 10000) in paragraph at lines 946--952

 []


Underfull \hbox (badness 10000) in paragraph at lines 953--962

 []


Overfull \hbox (20.06529pt too wide) in paragraph at lines 968--970
[]\T1/lmr/bx/n/12 (-20) Intégration de contraintes physiques : \T1/lmr/m/n/12 (-20) En pénalisant directement les comportements
 []

[22]
Chapitre 6.

Underfull \hbox (badness 10000) in paragraph at lines 1003--1015

 []

[23

] [24

]
Annexe A.
[25

]
LaTeX Font Info:    Font shape `T1/lmtt/bx/n' in size <12> not available
(Font)              Font shape `T1/lmtt/b/n' tried instead on input line 1187.
 [26] [27]
<../Figures/Soutenance/PES-AR-Toczylowski-params.png, id=538, 549.9747pt x 505.89pt>
File: ../Figures/Soutenance/PES-AR-Toczylowski-params.png Graphic file (type png)
<use ../Figures/Soutenance/PES-AR-Toczylowski-params.png>
Package pdftex.def Info: ../Figures/Soutenance/PES-AR-Toczylowski-params.png  used on input line 1244.
(pdftex.def)             Requested size: 204.85846pt x 188.4346pt.
<../Figures/Soutenance/PES-AR-Toczylowski-bestfit.png, id=539, 549.9747pt x 505.89pt>
File: ../Figures/Soutenance/PES-AR-Toczylowski-bestfit.png Graphic file (type png)
<use ../Figures/Soutenance/PES-AR-Toczylowski-bestfit.png>
Package pdftex.def Info: ../Figures/Soutenance/PES-AR-Toczylowski-bestfit.png  used on input line 1249.
(pdftex.def)             Requested size: 204.85846pt x 188.4346pt.
<../Figures/Soutenance/PES-AR-Toczylowski.png, id=542, 873.2625pt x 803.0pt>
File: ../Figures/Soutenance/PES-AR-Toczylowski.png Graphic file (type png)
<use ../Figures/Soutenance/PES-AR-Toczylowski.png>
Package pdftex.def Info: ../Figures/Soutenance/PES-AR-Toczylowski.png  used on input line 1254.
(pdftex.def)             Requested size: 250.38564pt x 230.24194pt.
<../Figures/Rapport/surf2-ls1-R7_5.png, id=543, 642.4803pt x 426.393pt>
File: ../Figures/Rapport/surf2-ls1-R7_5.png Graphic file (type png)
<use ../Figures/Rapport/surf2-ls1-R7_5.png>
Package pdftex.def Info: ../Figures/Rapport/surf2-ls1-R7_5.png  used on input line 1262.
(pdftex.def)             Requested size: 432.48051pt x 287.0221pt.
<../Figures/Rapport/surf2-T0.png, id=544, 497.2176pt x 353.4003pt>
File: ../Figures/Rapport/surf2-T0.png Graphic file (type png)
<use ../Figures/Rapport/surf2-T0.png>
Package pdftex.def Info: ../Figures/Rapport/surf2-T0.png  used on input line 1272.
(pdftex.def)             Requested size: 204.85846pt x 145.60684pt.
<../Figures/Rapport/surf2-T90.png, id=545, 498.663pt x 353.4003pt>
File: ../Figures/Rapport/surf2-T90.png Graphic file (type png)
<use ../Figures/Rapport/surf2-T90.png>
Package pdftex.def Info: ../Figures/Rapport/surf2-T90.png  used on input line 1277.
(pdftex.def)             Requested size: 204.85846pt x 145.18085pt.
<../Figures/Rapport/surf2-T180.png, id=546, 499.3857pt x 353.4003pt>
File: ../Figures/Rapport/surf2-T180.png Graphic file (type png)
<use ../Figures/Rapport/surf2-T180.png>
Package pdftex.def Info: ../Figures/Rapport/surf2-T180.png  used on input line 1282.
(pdftex.def)             Requested size: 204.85846pt x 144.97054pt.
 [28

 <../Figures/Soutenance/PES-AR-Toczylowski-params.png> <../Figures/Soutenance/PES-AR-Toczylowski-bestfit.png> <../Figures/Soutenance/PES-AR-Toczylowski.png>] [29 <../Figures/Rapport/surf2-ls1-R7_5.png>]
<../Figures/Rapport/PES-surf2-ls1.png, id=561, 671.3883pt x 573.1011pt>
File: ../Figures/Rapport/PES-surf2-ls1.png Graphic file (type png)
<use ../Figures/Rapport/PES-surf2-ls1.png>
Package pdftex.def Info: ../Figures/Rapport/PES-surf2-ls1.png  used on input line 1293.
(pdftex.def)             Requested size: 204.85846pt x 174.8699pt.
<../Figures/Rapport/PES-surf2-ls2.png, id=562, 671.3883pt x 573.1011pt>
File: ../Figures/Rapport/PES-surf2-ls2.png Graphic file (type png)
<use ../Figures/Rapport/PES-surf2-ls2.png>
Package pdftex.def Info: ../Figures/Rapport/PES-surf2-ls2.png  used on input line 1298.
(pdftex.def)             Requested size: 204.85846pt x 174.8699pt.
<../Figures/Soutenance/Ar-chinois-contour-err-curve-fit.png, id=563, 671.3883pt x 573.1011pt>
File: ../Figures/Soutenance/Ar-chinois-contour-err-curve-fit.png Graphic file (type png)
<use ../Figures/Soutenance/Ar-chinois-contour-err-curve-fit.png>
Package pdftex.def Info: ../Figures/Soutenance/Ar-chinois-contour-err-curve-fit.png  used on input line 1303.
(pdftex.def)             Requested size: 204.85846pt x 174.8699pt.
 [30 <../Figures/Rapport/surf2-T0.png> <../Figures/Rapport/surf2-T90.png> <../Figures/Rapport/surf2-T180.png>] [31 <../Figures/Rapport/PES-surf2-ls1.png> <../Figures/Rapport/PES-surf2-ls2.png> <../Figures/Soutenance/Ar-chinois-contour-err-curve-fit.png>] (/usr/share/texmf-dist/tex/latex/listings/lstlang1.sty
File: lstlang1.sty 2025/11/14 1.11b listings language file
)
Package hyperref Info: bookmark level for unknown lstlisting defaults to 0 on input line 1311.
LaTeX Font Info:    Font shape `T1/lmtt/bx/n' in size <10.95> not available
(Font)              Font shape `T1/lmtt/b/n' tried instead on input line 1312.
 [32

] [33] [34] 
enddocument/afterlastpage (AED): lastpage setting LastPage.
(./rapport.aux)
 ***********
LaTeX2e <2025-11-01>
L3 programming layer <2026-01-19>
 ***********
Package rerunfilecheck Info: File `rapport.out' has not changed.
(rerunfilecheck)             Checksum: 6FAC0C9AA3046F1DAB0F877C936DF06F;7586.
 ) 
Here is how much of TeX's memory you used:
 20069 strings out of 469515
 323416 string characters out of 5470808
 1251349 words of memory out of 5000000
 47939 multiletter control sequences out of 15000+600000
 739046 words of font info for 249 fonts, out of 8000000 for 9000
 14 hyphenation exceptions out of 8191
 75i,13n,92p,1004b,2250s stack positions out of 10000i,1000n,20000p,200000b,200000s
</usr/share/texmf-dist/fonts/type1/public/lm/lmbx10.pfb></usr/share/texmf-dist/fonts/type1/public/lm/lmbx12.pfb></usr/share/texmf-dist/fonts/type1/public/lm/lmbxi10.pfb></usr/share/texmf-dist/fonts/type1/public/lm/lmcsc10.pfb></usr/share/texmf-dist/fonts/type1/public/lm/lmex10.pfb></usr/share/texmf-dist/fonts/type1/public/lm/lmmi10.pfb></usr/share/texmf-dist/fonts/type1/public/lm/lmmi12.pfb></usr/share/texmf-dist/fonts/type1/public/lm/lmmi7.pfb></usr/share/texmf-dist/fonts/type1/public/lm/lmmi8.pfb></usr/share/texmf-dist/fonts/type1/public/lm/lmr10.pfb></usr/share/texmf-dist/fonts/type1/public/lm/lmr12.pfb></usr/share/texmf-dist/fonts/type1/public/lm/lmr6.pfb></usr/share/texmf-dist/fonts/type1/public/lm/lmr8.pfb></usr/share/texmf-dist/fonts/type1/public/lm/lmri12.pfb></usr/share/texmf-dist/fonts/type1/public/lm/lmss10.pfb></usr/share/texmf-dist/fonts/type1/public/lm/lmss12.pfb></usr/share/texmf-dist/fonts/type1/public/lm/lmssbx10.pfb></usr/share/texmf-dist/fonts/type1/public/lm/lmsy10.pfb></usr/share/texmf-dist/fonts/type1/public/lm/lmsy8.pfb></usr/share/texmf-dist/fonts/type1/public/lm/lmtk10.pfb></usr/share/texmf-dist/fonts/type1/public/lm/lmtt10.pfb></usr/share/texmf-dist/fonts/type1/public/lm/lmtt12.pfb></usr/share/texmf-dist/fonts/type1/public/lm/lmtti10.pfb>
Output written on rapport.pdf (35 pages, 3069779 bytes).
PDF statistics:
 867 PDF objects out of 1000 (max. 8388607)
 707 compressed objects within 8 object streams
 227 named destinations out of 1000 (max. 500000)
 71650 words of extra memory for PDF output out of 74296 (max. 10000000)

