\BOOKMARK [0][-]{chapter*.1}{\376\377\000R\000e\000m\000e\000r\000c\000i\000e\000m\000e\000n\000t\000s}{}% 1
\BOOKMARK [0][-]{chapter*.3}{\376\377\000T\000a\000b\000l\000e\000\040\000d\000e\000s\000\040\000f\000i\000g\000u\000r\000e\000s}{}% 2
\BOOKMARK [0][-]{chapter.1}{\376\377\000P\000r\000\351\000s\000e\000n\000t\000a\000t\000i\000o\000n\000\040\000d\000e\000\040\000l\000a\000\040\000S\000t\000r\000u\000c\000t\000u\000r\000e\000\040\000d\000'\000A\000c\000c\000u\000e\000i\000l}{}% 3
\BOOKMARK [0][-]{chapter.2}{\376\377\000F\000o\000n\000d\000e\000m\000e\000n\000t\000s\000\040\000e\000t\000\040\000o\000b\000j\000e\000c\000t\000i\000f\000s\000\040\000d\000u\000\040\000s\000t\000a\000g\000e}{}% 4
\BOOKMARK [1][-]{section.2.1}{\376\377\000C\000o\000n\000t\000e\000x\000t\000e\000\040\000T\000h\000\351\000o\000r\000i\000q\000u\000e}{chapter.2}% 5
\BOOKMARK [1][-]{section.2.2}{\376\377\000S\000u\000j\000e\000t\000\040\000d\000u\000\040\000s\000t\000a\000g\000e}{chapter.2}% 6
\BOOKMARK [1][-]{section.2.3}{\376\377\000L\000e\000\040\000m\000o\000d\000\350\000l\000e\000\040\000p\000h\000y\000s\000i\000q\000u\000e\000\040\000e\000t\000\040\000s\000e\000s\000\040\000p\000a\000r\000a\000m\000\350\000t\000r\000e\000s}{chapter.2}% 7
\BOOKMARK [0][-]{chapter.3}{\376\377\000M\000\351\000t\000h\000o\000d\000e\000s}{}% 8
\BOOKMARK [1][-]{section.3.1}{\376\377\000L\000e\000s\000\040\000s\000u\000r\000f\000a\000c\000e\000s\000\040\000\351\000t\000u\000d\000i\000\351\000e\000s}{chapter.3}% 9
\BOOKMARK [1][-]{section.3.2}{\376\377\000L\000e\000s\000\040\000m\000\351\000t\000h\000o\000d\000e\000s\000\040\000d\000'\000o\000p\000t\000i\000m\000i\000s\000a\000t\000i\000o\000n}{chapter.3}% 10
\BOOKMARK [1][-]{section.3.3}{\376\377\000L\000'\000i\000m\000p\000l\000\351\000m\000e\000n\000t\000a\000t\000i\000o\000n\000\040\000d\000u\000\040\000m\000o\000d\000\350\000l\000e\000\040\000a\000n\000a\000l\000y\000t\000i\000q\000u\000e}{chapter.3}% 11
\BOOKMARK [2][-]{subsection.3.3.1}{\376\377\000V\000a\000l\000i\000d\000a\000t\000i\000o\000n\000\040\000d\000e\000s\000\040\000a\000m\000\351\000l\000i\000o\000r\000a\000t\000i\000o\000n\000s}{section.3.3}% 12
\BOOKMARK [1][-]{section.3.4}{\376\377\000L\000e\000s\000\040\000c\000r\000i\000t\000\350\000r\000e\000s\000\040\000d\000'\000\351\000v\000a\000l\000u\000a\000t\000i\000o\000n\000\040\000d\000e\000s\000\040\000a\000j\000u\000s\000t\000e\000m\000e\000n\000t\000s}{chapter.3}% 13
\BOOKMARK [1][-]{section.3.5}{\376\377\000A\000p\000p\000r\000o\000c\000h\000e\000\040\000a\000l\000t\000e\000r\000n\000a\000t\000i\000v\000e\000\040\000:\000\040\000R\000\351\000s\000e\000a\000u\000x\000\040\000d\000e\000\040\000n\000e\000u\000r\000o\000n\000e\000s}{chapter.3}% 14
\BOOKMARK [0][-]{chapter.4}{\376\377\000R\000\351\000s\000u\000l\000t\000a\000t\000s}{}% 15
\BOOKMARK [1][-]{section.4.1}{\376\377\000A\000j\000u\000s\000t\000e\000m\000e\000n\000t\000\040\000d\000e\000\040\000l\000a\000\040\000s\000u\000r\000f\000a\000c\000e\000\040\000n\000\260\0001}{chapter.4}% 16
\BOOKMARK [1][-]{section.4.2}{\376\377\000A\000j\000u\000s\000t\000e\000m\000e\000n\000t\000\040\000d\000e\000\040\000l\000a\000\040\000s\000u\000r\000f\000a\000c\000e\000\040\000n\000\260\0002}{chapter.4}% 17
\BOOKMARK [2][-]{subsection.4.2.1}{\376\377\000L\000e\000\040\000t\000e\000m\000p\000s\000\040\000d\000e\000\040\000c\000a\000l\000c\000u\000l\000s}{section.4.2}% 18
\BOOKMARK [2][-]{subsection.4.2.2}{\376\377\000A\000n\000a\000l\000y\000s\000e\000\040\000g\000r\000a\000p\000h\000i\000q\000u\000e\000\040\000e\000t\000\040\000q\000u\000a\000n\000t\000i\000t\000a\000t\000i\000v\000e}{section.4.2}% 19
\BOOKMARK [1][-]{section.4.3}{\376\377\000N\000o\000u\000v\000e\000a\000u\000\040\000s\000y\000s\000t\000\350\000m\000e\000\040\000:\000\040\000A\000r\000-\000H\000N\000C}{chapter.4}% 20
\BOOKMARK [1][-]{section.4.4}{\376\377\000R\000\351\000s\000e\000a\000u\000x\000\040\000d\000e\000\040\000n\000e\000u\000r\000o\000n\000e\000s}{chapter.4}% 21
\BOOKMARK [0][-]{chapter.5}{\376\377\000A\000n\000a\000l\000y\000s\000e\000\040\000c\000r\000i\000t\000i\000q\000u\000e\000\040\000e\000t\000\040\000p\000e\000r\000s\000p\000e\000c\000t\000i\000v\000e\000s}{}% 22
\BOOKMARK [1][-]{section.5.1}{\376\377\000L\000e\000\040\000c\000h\000o\000i\000x\000\040\000d\000e\000s\000\040\000m\000\351\000t\000h\000o\000d\000e\000s\000\040\000d\000'\000o\000p\000t\000i\000m\000i\000s\000a\000t\000i\000o\000n}{chapter.5}% 23
\BOOKMARK [1][-]{section.5.2}{\376\377\000L\000a\000\040\000q\000u\000a\000l\000i\000t\000\351\000\040\000d\000e\000s\000\040\000d\000o\000n\000n\000\351\000e\000s\000\040\000d\000e\000\040\000r\000\351\000f\000\351\000r\000e\000n\000c\000e}{chapter.5}% 24
\BOOKMARK [1][-]{section.5.3}{\376\377\000A\000p\000p\000r\000o\000c\000h\000e\000\040\000p\000a\000r\000\040\000l\000e\000s\000\040\000r\000\351\000s\000e\000a\000u\000x\000\040\000d\000e\000\040\000n\000e\000u\000r\000o\000n\000e\000s}{chapter.5}% 25
\BOOKMARK [0][-]{chapter.6}{\376\377\000C\000o\000n\000c\000l\000u\000s\000i\000o\000n}{}% 26
\BOOKMARK [1][-]{section.6.1}{\376\377\000B\000i\000l\000a\000n\000\040\000T\000e\000c\000h\000n\000i\000q\000u\000e\000\040\000e\000t\000\040\000S\000c\000i\000e\000n\000t\000i\000f\000i\000q\000u\000e}{chapter.6}% 27
\BOOKMARK [1][-]{section.6.2}{\376\377\000B\000i\000l\000a\000n\000\040\000P\000e\000r\000s\000o\000n\000n\000e\000l\000\040\000e\000t\000\040\000P\000r\000o\000f\000e\000s\000s\000i\000o\000n\000n\000e\000l}{chapter.6}% 28
\BOOKMARK [0][-]{section.6.2}{\376\377\000B\000i\000b\000l\000i\000o\000g\000r\000a\000p\000h\000i\000e}{}% 29
\BOOKMARK [0][-]{appendix.A}{\376\377\000A\000n\000n\000e\000x\000e\000s}{}% 30
\BOOKMARK [1][-]{section.A.1}{\376\377\000T\000a\000b\000l\000e\000a\000u\000x}{appendix.A}% 31
\BOOKMARK [1][-]{section.A.2}{\376\377\000F\000i\000g\000u\000r\000e\000s}{appendix.A}% 32
\BOOKMARK [1][-]{section.A.3}{\376\377\000C\000o\000d\000e\000\040\000S\000o\000u\000r\000c\000e}{appendix.A}% 33
