This is pdfTeX, Version 3.141592653-2.6-1.40.29 (TeX Live 2026/Arch Linux) (preloaded format=pdflatex 2026.6.18)  26 JUN 2026 11:28
entering extended mode
 restricted \write18 enabled.
 file:line:error style messages enabled.
 %&-line parsing enabled.
**meilleurs-params-HNC.tex
(./meilleurs-params-HNC.tex
LaTeX2e <2025-11-01>
L3 programming layer <2026-01-19>
(/usr/share/texmf-dist/tex/latex/base/article.cls
Document Class: article 2025/01/22 v1.4n Standard LaTeX document class
(/usr/share/texmf-dist/tex/latex/base/size10.clo
File: size10.clo 2025/01/22 v1.4n Standard LaTeX file (size option)
)
\c@part=\count275
\c@section=\count276
\c@subsection=\count277
\c@subsubsection=\count278
\c@paragraph=\count279
\c@subparagraph=\count280
\c@figure=\count281
\c@table=\count282
\abovecaptionskip=\skip49
\belowcaptionskip=\skip50
\bibindent=\dimen148
) (/usr/share/texmf-dist/tex/latex/base/fontenc.sty
Package: fontenc 2025/07/18 v2.1d Standard LaTeX package
) (/usr/share/texmf-dist/tex/latex/base/inputenc.sty
Package: inputenc 2024/02/08 v1.3d Input encoding file
\inpenc@prehook=\toks17
\inpenc@posthook=\toks18
) (/usr/share/texmf-dist/tex/generic/babel/babel.sty
Package: babel 2026/02/14 v26.3 The multilingual framework for LuaLaTeX, pdfLaTeX and XeLaTeX
\babel@savecnt=\count283
LaTeX Encoding Info:    Redeclaring text command \ij (encoding OT1) on input line 2078.
LaTeX Encoding Info:    Redeclaring text command \IJ (encoding OT1) on input line 2080.
LaTeX Encoding Info:    Redeclaring text command \ij (encoding T1) on input line 2082.
LaTeX Encoding Info:    Redeclaring text command \IJ (encoding T1) on input line 2083.
LaTeX Encoding Info:    Ignoring declaration for text command \ij (encoding ?) on input line 2084.
LaTeX Encoding Info:    Ignoring declaration for text command \IJ (encoding ?) on input line 2086.
LaTeX Encoding Info:    Ignoring declaration for text command \SS (encoding ?) on input line 2111.
\U@D=\dimen149
\l@unhyphenated=\language3
 (/usr/share/texmf-dist/tex/generic/babel/txtbabel.def)
\bbl@readstream=\read2
\bbl@dirlevel=\count284
 (/usr/share/texmf-dist/tex/generic/babel/locale/fr/babel-french.tex)
Package babel Info: Importing font and identification data for french
(babel)             from babel-fr.ini. Reported on input line 4330.
 (/usr/share/texmf-dist/tex/generic/babel-french/french.ldf
Language: french 2025-08-15 v4.0e French support from the babel system
 (/usr/share/texmf-dist/tex/generic/babel-french/french3.ldf
Language: french 2025-08-15 v3.7e French support from the babel system
Package babel Info: Hyphen rules for 'french' set to \l@nohyphenation
(babel)             (\language2). Reported on input line 87.


Package babel Warning: No hyphenation patterns were preloaded for
(babel)                the language 'French' into the format.
(babel)                Please, configure your TeX system to add them and
(babel)                rebuild the format. Now I will use the patterns
(babel)                preloaded for \language=nohyphenation instead on input line 87.

\FB@stdchar=\count285
Package babel Info: Making : an active character on input line 273.
Package babel Info: Making ; an active character on input line 274.
Package babel Info: Making ! an active character on input line 275.
Package babel Info: Making ? an active character on input line 276.
\FBguill@level=\count286
\FBold@everypar=\toks19
\FB@Mht=\dimen150
\mc@charclass=\count287
\mc@charfam=\count288
\mc@charslot=\count289
\std@mcc=\count290
\dec@mcc=\count291
\FB@pardim=\dimen151
\listindentFB=\dimen152
\descindentFB=\dimen153
\labelindentFB=\dimen154
\labelwidthFB=\dimen155
\leftmarginFB=\dimen156
\parindentFFN=\dimen157
\FBfnindent=\dimen158
))) (/usr/share/texmf-dist/tex/latex/carlisle/scalefnt.sty) (/usr/share/texmf-dist/tex/latex/amsmath/amsmath.sty
Package: amsmath 2025/07/09 v2.17z AMS math features
\@mathmargin=\skip51

For additional information on amsmath, use the `?' option.
(/usr/share/texmf-dist/tex/latex/amsmath/amstext.sty
Package: amstext 2024/11/17 v2.01 AMS text
 (/usr/share/texmf-dist/tex/latex/amsmath/amsgen.sty
File: amsgen.sty 1999/11/30 v2.0 generic functions
\@emptytoks=\toks20
\ex@=\dimen159
)) (/usr/share/texmf-dist/tex/latex/amsmath/amsbsy.sty
Package: amsbsy 1999/11/29 v1.2d Bold Symbols
\pmbraise@=\dimen160
) (/usr/share/texmf-dist/tex/latex/amsmath/amsopn.sty
Package: amsopn 2022/04/08 v2.04 operator names
)
\inf@bad=\count292
LaTeX Info: Redefining \frac on input line 233.
\uproot@=\count293
\leftroot@=\count294
LaTeX Info: Redefining \overline on input line 398.
LaTeX Info: Redefining \colon on input line 409.
\classnum@=\count295
\DOTSCASE@=\count296
LaTeX Info: Redefining \ldots on input line 495.
LaTeX Info: Redefining \dots on input line 498.
LaTeX Info: Redefining \cdots on input line 619.
\Mathstrutbox@=\box53
\strutbox@=\box54
LaTeX Info: Redefining \big on input line 721.
LaTeX Info: Redefining \Big on input line 722.
LaTeX Info: Redefining \bigg on input line 723.
LaTeX Info: Redefining \Bigg on input line 724.
\big@size=\dimen161
LaTeX Font Info:    Redeclaring font encoding OML on input line 742.
LaTeX Font Info:    Redeclaring font encoding OMS on input line 743.
\macc@depth=\count297
LaTeX Info: Redefining \bmod on input line 904.
LaTeX Info: Redefining \pmod on input line 909.
LaTeX Info: Redefining \smash on input line 939.
LaTeX Info: Redefining \relbar on input line 969.
LaTeX Info: Redefining \Relbar on input line 970.
\c@MaxMatrixCols=\count298
\dotsspace@=\muskip17
\c@parentequation=\count299
\dspbrk@lvl=\count300
\tag@help=\toks21
\row@=\count301
\column@=\count302
\maxfields@=\count303
\andhelp@=\toks22
\eqnshift@=\dimen162
\alignsep@=\dimen163
\tagshift@=\dimen164
\tagwidth@=\dimen165
\totwidth@=\dimen166
\lineht@=\dimen167
\@envbody=\toks23
\multlinegap=\skip52
\multlinetaggap=\skip53
\mathdisplay@stack=\toks24
LaTeX Info: Redefining \[ on input line 2950.
LaTeX Info: Redefining \] on input line 2951.
) (/usr/share/texmf-dist/tex/latex/amsfonts/amssymb.sty
Package: amssymb 2013/01/14 v3.01 AMS font symbols
 (/usr/share/texmf-dist/tex/latex/amsfonts/amsfonts.sty
Package: amsfonts 2013/01/14 v3.01 Basic AMSFonts support
\symAMSa=\mathgroup4
\symAMSb=\mathgroup5
LaTeX Font Info:    Redeclaring math symbol \hbar on input line 98.
LaTeX Font Info:    Overwriting math alphabet `\mathfrak' in version `bold'
(Font)                  U/euf/m/n --> U/euf/b/n on input line 106.
)) (/usr/share/texmf-dist/tex/latex/amscls/amsthm.sty
Package: amsthm 2020/05/29 v2.20.6
\thm@style=\toks25
\thm@bodyfont=\toks26
\thm@headfont=\toks27
\thm@notefont=\toks28
\thm@headpunct=\toks29
\thm@preskip=\skip54
\thm@postskip=\skip55
\thm@headsep=\skip56
\dth@everypar=\toks30
) (/usr/share/texmf-dist/tex/latex/graphics/graphicx.sty
Package: graphicx 2024/12/31 v1.2e Enhanced LaTeX Graphics (DPC,SPQR)
 (/usr/share/texmf-dist/tex/latex/graphics/keyval.sty
Package: keyval 2022/05/29 v1.15 key=value parser (DPC)
\KV@toks@=\toks31
) (/usr/share/texmf-dist/tex/latex/graphics/graphics.sty
Package: graphics 2024/08/06 v1.4g Standard LaTeX Graphics (DPC,SPQR)
 (/usr/share/texmf-dist/tex/latex/graphics/trig.sty
Package: trig 2023/12/02 v1.11 sin cos tan (DPC)
) (/usr/share/texmf-dist/tex/latex/graphics-cfg/graphics.cfg
File: graphics.cfg 2016/06/04 v1.11 sample graphics configuration
)
Package graphics Info: Driver file: pdftex.def on input line 106.
 (/usr/share/texmf-dist/tex/latex/graphics-def/pdftex.def
File: pdftex.def 2025/09/29 v1.2d Graphics/color driver for pdftex
))
\Gin@req@height=\dimen168
\Gin@req@width=\dimen169
) (/usr/share/texmf-dist/tex/latex/booktabs/booktabs.sty
Package: booktabs 2020/01/12 v1.61803398 Publication quality tables
\heavyrulewidth=\dimen170
\lightrulewidth=\dimen171
\cmidrulewidth=\dimen172
\belowrulesep=\dimen173
\belowbottomsep=\dimen174
\aboverulesep=\dimen175
\abovetopsep=\dimen176
\cmidrulesep=\dimen177
\cmidrulekern=\dimen178
\defaultaddspace=\dimen179
\@cmidla=\count304
\@cmidlb=\count305
\@aboverulesep=\dimen180
\@belowrulesep=\dimen181
\@thisruleclass=\count306
\@lastruleclass=\count307
\@thisrulewidth=\dimen182
) (/usr/share/texmf-dist/tex/latex/caption/caption.sty
Package: caption 2023/08/05 v3.6o Customizing captions (AR)
 (/usr/share/texmf-dist/tex/latex/caption/caption3.sty
Package: caption3 2023/07/31 v2.4d caption3 kernel (AR)
\caption@tempdima=\dimen183
\captionmargin=\dimen184
\caption@leftmargin=\dimen185
\caption@rightmargin=\dimen186
\caption@width=\dimen187
\caption@indent=\dimen188
\caption@parindent=\dimen189
\caption@hangindent=\dimen190
Package caption Info: Standard document class detected.
Package caption Info: french babel package is loaded.
)
\c@caption@flags=\count308
\c@continuedfloat=\count309
) (/usr/share/texmf-dist/tex/latex/caption/subcaption.sty
Package: subcaption 2023/07/28 v1.6b Sub-captions (AR)
Package caption Info: New subtype `subfigure' on input line 238.
\c@subfigure=\count310
Package caption Info: New subtype `subtable' on input line 238.
\c@subtable=\count311
) (/usr/share/texmf-dist/tex/latex/geometry/geometry.sty
Package: geometry 2020/01/02 v5.9 Page Geometry
 (/usr/share/texmf-dist/tex/generic/iftex/ifvtex.sty
Package: ifvtex 2019/10/25 v1.7 ifvtex legacy package. Use iftex instead.
 (/usr/share/texmf-dist/tex/generic/iftex/iftex.sty
Package: iftex 2024/12/12 v1.0g TeX engine tests
))
\Gm@cnth=\count312
\Gm@cntv=\count313
\c@Gm@tempcnt=\count314
\Gm@bindingoffset=\dimen191
\Gm@wd@mp=\dimen192
\Gm@odd@mp=\dimen193
\Gm@even@mp=\dimen194
\Gm@layoutwidth=\dimen195
\Gm@layoutheight=\dimen196
\Gm@layouthoffset=\dimen197
\Gm@layoutvoffset=\dimen198
\Gm@dimlist=\toks32
) (/usr/share/texmf-dist/tex/latex/setspace/setspace.sty
Package: setspace 2022/12/04 v6.7b set line spacing
) (/usr/share/texmf-dist/tex/latex/hyperref/hyperref.sty
Package: hyperref 2026-01-29 v7.01p Hypertext links for LaTeX
 (/usr/share/texmf-dist/tex/latex/kvsetkeys/kvsetkeys.sty
Package: kvsetkeys 2022-10-05 v1.19 Key value parser (HO)
) (/usr/share/texmf-dist/tex/generic/kvdefinekeys/kvdefinekeys.sty
Package: kvdefinekeys 2019-12-19 v1.6 Define keys (HO)
) (/usr/share/texmf-dist/tex/generic/pdfescape/pdfescape.sty
Package: pdfescape 2019/12/09 v1.15 Implements pdfTeX's escape features (HO)
 (/usr/share/texmf-dist/tex/generic/ltxcmds/ltxcmds.sty
Package: ltxcmds 2023-12-04 v1.26 LaTeX kernel commands for general use (HO)
) (/usr/share/texmf-dist/tex/generic/pdftexcmds/pdftexcmds.sty
Package: pdftexcmds 2020-06-27 v0.33 Utility functions of pdfTeX for LuaTeX (HO)
 (/usr/share/texmf-dist/tex/generic/infwarerr/infwarerr.sty
Package: infwarerr 2019/12/03 v1.5 Providing info/warning/error messages (HO)
)
Package pdftexcmds Info: \pdf@primitive is available.
Package pdftexcmds Info: \pdf@ifprimitive is available.
Package pdftexcmds Info: \pdfdraftmode found.
)) (/usr/share/texmf-dist/tex/latex/hycolor/hycolor.sty
Package: hycolor 2020-01-27 v1.10 Color options for hyperref/bookmark (HO)
) (/usr/share/texmf-dist/tex/latex/hyperref/nameref.sty
Package: nameref 2026-01-29 v2.58 Cross-referencing by name of section
 (/usr/share/texmf-dist/tex/latex/refcount/refcount.sty
Package: refcount 2019/12/15 v3.6 Data extraction from label references (HO)
) (/usr/share/texmf-dist/tex/generic/gettitlestring/gettitlestring.sty
Package: gettitlestring 2019/12/15 v1.6 Cleanup title references (HO)
 (/usr/share/texmf-dist/tex/latex/kvoptions/kvoptions.sty
Package: kvoptions 2022-06-15 v3.15 Key value format for package options (HO)
))
\c@section@level=\count315
) (/usr/share/texmf-dist/tex/latex/etoolbox/etoolbox.sty
Package: etoolbox 2025/10/02 v2.5m e-TeX tools for LaTeX (JAW)
\etb@tempcnta=\count316
) (/usr/share/texmf-dist/tex/generic/stringenc/stringenc.sty
Package: stringenc 2019/11/29 v1.12 Convert strings between diff. encodings (HO)
)
\@linkdim=\dimen199
\Hy@linkcounter=\count317
\Hy@pagecounter=\count318

(/usr/share/texmf-dist/tex/latex/hyperref/pd1enc.def
File: pd1enc.def 2026-01-29 v7.01p Hyperref: PDFDocEncoding definition (HO)
Now handling font encoding PD1 ...
... no UTF-8 mapping file for font encoding PD1
) (/usr/share/texmf-dist/tex/generic/intcalc/intcalc.sty
Package: intcalc 2019/12/15 v1.3 Expandable calculations with integers (HO)
)
\Hy@SavedSpaceFactor=\count319
 (/usr/share/texmf-dist/tex/latex/hyperref/puenc.def
File: puenc.def 2026-01-29 v7.01p Hyperref: PDF Unicode definition (HO)
Now handling font encoding PU ...
... no UTF-8 mapping file for font encoding PU
)
Package hyperref Info: Option `colorlinks' set `true' on input line 4072.
Package hyperref Info: Hyper figures OFF on input line 4201.
Package hyperref Info: Link nesting OFF on input line 4206.
Package hyperref Info: Hyper index ON on input line 4209.
Package hyperref Info: Plain pages OFF on input line 4216.
Package hyperref Info: Backreferencing OFF on input line 4221.
Package hyperref Info: Implicit mode ON; LaTeX internals redefined.
Package hyperref Info: Bookmarks ON on input line 4468.
\c@Hy@tempcnt=\count320
 (/usr/share/texmf-dist/tex/latex/url/url.sty
\Urlmuskip=\muskip18
Package: url 2013/09/16  ver 3.4  Verb mode for urls, etc.
)
LaTeX Info: Redefining \url on input line 4807.
\XeTeXLinkMargin=\dimen256
 (/usr/share/texmf-dist/tex/generic/bitset/bitset.sty
Package: bitset 2019/12/09 v1.3 Handle bit-vector datatype (HO)
 (/usr/share/texmf-dist/tex/generic/bigintcalc/bigintcalc.sty
Package: bigintcalc 2019/12/15 v1.5 Expandable calculations on big integers (HO)
))
\Fld@menulength=\count321
\Field@Width=\dimen257
\Fld@charsize=\dimen258
Package hyperref Info: Hyper figures OFF on input line 6084.
Package hyperref Info: Link nesting OFF on input line 6089.
Package hyperref Info: Hyper index ON on input line 6092.
Package hyperref Info: backreferencing OFF on input line 6099.
Package hyperref Info: Link coloring ON on input line 6102.
Package hyperref Info: Link coloring with OCG OFF on input line 6109.
Package hyperref Info: PDF/A mode OFF on input line 6114.
\Hy@abspage=\count322
\c@Item=\count323
\c@Hfootnote=\count324
)
Package hyperref Info: Driver (autodetected): hpdftex.
 (/usr/share/texmf-dist/tex/latex/hyperref/hpdftex.def
File: hpdftex.def 2026-01-29 v7.01p Hyperref driver for pdfTeX
\Fld@listcount=\count325
\c@bookmark@seq@number=\count326
 (/usr/share/texmf-dist/tex/latex/rerunfilecheck/rerunfilecheck.sty
Package: rerunfilecheck 2025-06-21 v1.11 Rerun checks for auxiliary files (HO)
 (/usr/share/texmf-dist/tex/generic/uniquecounter/uniquecounter.sty
Package: uniquecounter 2019/12/15 v1.4 Provide unlimited unique counter (HO)
)
Package uniquecounter Info: New unique counter `rerunfilecheck' on input line 284.
)
\Hy@SectionHShift=\skip57
) (/usr/share/texmf-dist/tex/latex/xcolor/xcolor.sty
Package: xcolor 2024/09/29 v3.02 LaTeX color extensions (UK)
 (/usr/share/texmf-dist/tex/latex/graphics-cfg/color.cfg
File: color.cfg 2016/01/02 v1.6 sample color configuration
)
Package xcolor Info: Driver file: pdftex.def on input line 274.
 (/usr/share/texmf-dist/tex/latex/graphics/mathcolor.ltx)
Package xcolor Info: Model `cmy' substituted by `cmy0' on input line 1349.
Package xcolor Info: Model `hsb' substituted by `rgb' on input line 1353.
Package xcolor Info: Model `RGB' extended on input line 1365.
Package xcolor Info: Model `HTML' substituted by `rgb' on input line 1367.
Package xcolor Info: Model `Hsb' substituted by `hsb' on input line 1368.
Package xcolor Info: Model `tHsb' substituted by `hsb' on input line 1369.
Package xcolor Info: Model `HSB' substituted by `hsb' on input line 1370.
Package xcolor Info: Model `Gray' substituted by `gray' on input line 1371.
Package xcolor Info: Model `wave' substituted by `hsb' on input line 1372.
) (/usr/share/texmf-dist/tex/latex/listings/listings.sty
\lst@mode=\count327
\lst@gtempboxa=\box55
\lst@token=\toks33
\lst@length=\count328
\lst@currlwidth=\dimen259
\lst@column=\count329
\lst@pos=\count330
\lst@lostspace=\dimen260
\lst@width=\dimen261
\lst@newlines=\count331
\lst@lineno=\count332
\lst@maxwidth=\dimen262
 (/usr/share/texmf-dist/tex/latex/listings/lstpatch.sty
File: lstpatch.sty 2025/11/14 1.11b (Carsten Heinz)
) (/usr/share/texmf-dist/tex/latex/listings/lstmisc.sty
File: lstmisc.sty 2025/11/14 1.11b (Carsten Heinz)
\c@lstnumber=\count333
\lst@skipnumbers=\count334
\lst@framebox=\box56
) (/usr/share/texmf-dist/tex/latex/listings/listings.cfg
File: listings.cfg 2025/11/14 1.11b listings configuration
))
Package: listings 2025/11/14 1.11b (Carsten Heinz)

==> First Aid for listings.sty no longer applied!
    Expected:
        2024/09/23 1.10c (Carsten Heinz)
    but found:
        2025/11/14 1.11b (Carsten Heinz)
    so I'm assuming it got fixed.
(/usr/share/texmf-dist/tex/latex/listings/lstlang1.sty
File: lstlang1.sty 2025/11/14 1.11b listings language file
) (/usr/share/texmf-dist/tex/latex/l3backend/l3backend-pdftex.def
File: l3backend-pdftex.def 2025-10-09 L3 backend support: PDF output (pdfTeX)
\l__color_backend_stack_int=\count335
) (./meilleurs-params-HNC.aux
Package babel Info: 'french' activates 'french' shorthands.
(babel)             Reported on input line 11.
)
\openout1 = `meilleurs-params-HNC.aux'.

LaTeX Font Info:    Checking defaults for OML/cmm/m/it on input line 60.
LaTeX Font Info:    ... okay on input line 60.
LaTeX Font Info:    Checking defaults for OMS/cmsy/m/n on input line 60.
LaTeX Font Info:    ... okay on input line 60.
LaTeX Font Info:    Checking defaults for OT1/cmr/m/n on input line 60.
LaTeX Font Info:    ... okay on input line 60.
LaTeX Font Info:    Checking defaults for T1/cmr/m/n on input line 60.
LaTeX Font Info:    ... okay on input line 60.
LaTeX Font Info:    Checking defaults for TS1/cmr/m/n on input line 60.
LaTeX Font Info:    ... okay on input line 60.
LaTeX Font Info:    Checking defaults for OMX/cmex/m/n on input line 60.
LaTeX Font Info:    ... okay on input line 60.
LaTeX Font Info:    Checking defaults for U/cmr/m/n on input line 60.
LaTeX Font Info:    ... okay on input line 60.
LaTeX Font Info:    Checking defaults for PD1/pdf/m/n on input line 60.
LaTeX Font Info:    ... okay on input line 60.
LaTeX Font Info:    Checking defaults for PU/pdf/m/n on input line 60.
LaTeX Font Info:    ... okay on input line 60.
LaTeX Info: Redefining \degres on input line 60.
 (/usr/share/texmf-dist/tex/context/base/mkii/supp-pdf.mkii
[Loading MPS to PDF converter (version 2006.09.02).]
\scratchcounter=\count336
\scratchdimen=\dimen263
\scratchbox=\box57
\nofMPsegments=\count337
\nofMParguments=\count338
\everyMPshowfont=\toks34
\MPscratchCnt=\count339
\MPscratchDim=\dimen264
\MPnumerator=\count340
\makeMPintoPDFobject=\count341
\everyMPtoPDFconversion=\toks35
) (/usr/share/texmf-dist/tex/latex/epstopdf-pkg/epstopdf-base.sty
Package: epstopdf-base 2020-01-24 v2.11 Base part for package epstopdf
Package epstopdf-base Info: Redefining graphics rule for `.eps' on input line 485.
 (/usr/share/texmf-dist/tex/latex/latexconfig/epstopdf-sys.cfg
File: epstopdf-sys.cfg 2010/07/13 v1.3 Configuration of (r)epstopdf for TeX Live
))
Package caption Info: Begin \AtBeginDocument code.
Package caption Info: hyperref package is loaded.
Package caption Info: listings package is loaded.
Package caption Info: End \AtBeginDocument code.

*geometry* driver: auto-detecting
*geometry* detected driver: pdftex
*geometry* verbose mode - [ preamble ] result:
* driver: pdftex
* paper: a4paper
* layout: <same size as paper>
* layoutoffset:(h,v)=(0.0pt,0.0pt)
* modes: 
* h-part:(L,W,R)=(71.13188pt, 455.24411pt, 71.13188pt)
* v-part:(T,H,B)=(71.13188pt, 702.78308pt, 71.13188pt)
* \paperwidth=597.50787pt
* \paperheight=845.04684pt
* \textwidth=455.24411pt
* \textheight=702.78308pt
* \oddsidemargin=-1.1381pt
* \evensidemargin=-1.1381pt
* \topmargin=-38.1381pt
* \headheight=12.0pt
* \headsep=25.0pt
* \topskip=10.0pt
* \footskip=30.0pt
* \marginparwidth=57.0pt
* \marginparsep=11.0pt
* \columnsep=10.0pt
* \skip\footins=9.0pt plus 4.0pt minus 2.0pt
* \hoffset=0.0pt
* \voffset=0.0pt
* \mag=1000
* \@twocolumnfalse
* \@twosidefalse
* \@mparswitchfalse
* \@reversemarginfalse
* (1in=72.27pt=25.4mm, 1cm=28.453pt)

Package hyperref Info: Link coloring ON on input line 60.
(./meilleurs-params-HNC.out) (./meilleurs-params-HNC.out)
\@outlinefile=\write3
\openout3 = `meilleurs-params-HNC.out'.

\c@lstlisting=\count342
LaTeX Font Info:    Trying to load font information for U+msa on input line 63.
 (/usr/share/texmf-dist/tex/latex/amsfonts/umsa.fd
File: umsa.fd 2013/01/14 v3.01 AMS symbols A
)
LaTeX Font Info:    Trying to load font information for U+msb on input line 63.
 (/usr/share/texmf-dist/tex/latex/amsfonts/umsb.fd
File: umsb.fd 2013/01/14 v3.01 AMS symbols B
) (./meilleurs-params-HNC.toc)
\tf@toc=\write4
\openout4 = `meilleurs-params-HNC.toc'.

 [1

{/var/lib/texmf/fonts/map/pdftex/updmap/pdftex.map}{/usr/share/texmf-dist/fonts/enc/dvips/cm-super/cm-super-t1.enc}]
Underfull \hbox (badness 10000) in paragraph at lines 71--73

 []


Underfull \hbox (badness 10000) in paragraph at lines 74--77

 []


Underfull \hbox (badness 10000) in paragraph at lines 78--84

 []

[2]
Overfull \hbox (1.8977pt too wide) in paragraph at lines 159--161
[]\T1/cmr/m/n/10 Paramètres initiaux p0 : paramètres optimaux de Ar-HCN pour les données ab-initio de Toczylowski
 []

Package hyperref Info: bookmark level for unknown lstlisting defaults to 0 on input line 177.
LaTeX Font Info:    Font shape `T1/cmtt/bx/n' in size <9> not available
(Font)              Font shape `T1/cmtt/m/n' tried instead on input line 178.
[3]
Underfull \hbox (badness 10000) in paragraph at lines 223--224

 []

[4{/usr/share/texmf-dist/fonts/enc/dvips/cm-super/cm-super-ts1.enc}] [5]

./meilleurs-params-HNC.tex:338: LaTeX Error: Unknown float option `H'.

See the LaTeX manual or LaTeX Companion for explanation.
Type  H <return>  for immediate help.
 ...                                              
                                                  
l.338 \begin{figure}[H]
                       
Option `H' ignored and `p' used.

<../Figures/HNC/log_err_abs1.png, id=148, 414.8298pt x 312.9291pt>
File: ../Figures/HNC/log_err_abs1.png Graphic file (type png)
<use ../Figures/HNC/log_err_abs1.png>
Package pdftex.def Info: ../Figures/HNC/log_err_abs1.png  used on input line 344.
(pdftex.def)             Requested size: 204.85846pt x 154.53508pt.
<../Figures/HNC/log_err_rel1.png, id=150, 414.8298pt x 312.9291pt>
File: ../Figures/HNC/log_err_rel1.png Graphic file (type png)
<use ../Figures/HNC/log_err_rel1.png>
Package pdftex.def Info: ../Figures/HNC/log_err_rel1.png  used on input line 349.
(pdftex.def)             Requested size: 204.85846pt x 154.53508pt.

./meilleurs-params-HNC.tex:353: LaTeX Error: Unknown float option `H'.

See the LaTeX manual or LaTeX Companion for explanation.
Type  H <return>  for immediate help.
 ...                                              
                                                  
l.353 \begin{figure}[H]
                       
Option `H' ignored and `p' used.

<../Figures/HNC/log_err_abs2.png, id=153, 414.8298pt x 312.9291pt>
File: ../Figures/HNC/log_err_abs2.png Graphic file (type png)
<use ../Figures/HNC/log_err_abs2.png>
Package pdftex.def Info: ../Figures/HNC/log_err_abs2.png  used on input line 359.
(pdftex.def)             Requested size: 204.85846pt x 154.53508pt.
<../Figures/HNC/log_err_rel2.png, id=154, 414.8298pt x 312.9291pt>
File: ../Figures/HNC/log_err_rel2.png Graphic file (type png)
<use ../Figures/HNC/log_err_rel2.png>
Package pdftex.def Info: ../Figures/HNC/log_err_rel2.png  used on input line 364.
(pdftex.def)             Requested size: 204.85846pt x 154.53508pt.

./meilleurs-params-HNC.tex:368: LaTeX Error: Unknown float option `H'.

See the LaTeX manual or LaTeX Companion for explanation.
Type  H <return>  for immediate help.
 ...                                              
                                                  
l.368 \begin{figure}[H]
                       
Option `H' ignored and `p' used.

<../Figures/HNC/log_err_abs3.png, id=157, 414.8298pt x 312.9291pt>
File: ../Figures/HNC/log_err_abs3.png Graphic file (type png)
<use ../Figures/HNC/log_err_abs3.png>
Package pdftex.def Info: ../Figures/HNC/log_err_abs3.png  used on input line 374.
(pdftex.def)             Requested size: 204.85846pt x 154.53508pt.
<../Figures/HNC/log_err_rel3.png, id=158, 414.8298pt x 312.9291pt>
File: ../Figures/HNC/log_err_rel3.png Graphic file (type png)
<use ../Figures/HNC/log_err_rel3.png>
Package pdftex.def Info: ../Figures/HNC/log_err_rel3.png  used on input line 379.
(pdftex.def)             Requested size: 204.85846pt x 154.53508pt.
[6 <../Figures/HNC/log_err_abs1.png> <../Figures/HNC/log_err_rel1.png> <../Figures/HNC/log_err_abs2.png> <../Figures/HNC/log_err_rel2.png> <../Figures/HNC/log_err_abs3.png> <../Figures/HNC/log_err_rel3.png>]
<../Figures/HNC/contour-ref.png, id=176, 431.4519pt x 316.5426pt>
File: ../Figures/HNC/contour-ref.png Graphic file (type png)
<use ../Figures/HNC/contour-ref.png>
Package pdftex.def Info: ../Figures/HNC/contour-ref.png  used on input line 393.
(pdftex.def)             Requested size: 223.07211pt x 163.66124pt.
<../Figures/HNC/contour1.png, id=179, 431.4519pt x 316.5426pt>
File: ../Figures/HNC/contour1.png Graphic file (type png)
<use ../Figures/HNC/contour1.png>
Package pdftex.def Info: ../Figures/HNC/contour1.png  used on input line 398.
(pdftex.def)             Requested size: 223.07211pt x 163.66124pt.
<../Figures/HNC/contour2.png, id=182, 431.4519pt x 316.5426pt>
File: ../Figures/HNC/contour2.png Graphic file (type png)
<use ../Figures/HNC/contour2.png>
Package pdftex.def Info: ../Figures/HNC/contour2.png  used on input line 403.
(pdftex.def)             Requested size: 223.07211pt x 163.66124pt.
<../Figures/HNC/contour3.png, id=185, 431.4519pt x 316.5426pt>
File: ../Figures/HNC/contour3.png Graphic file (type png)
<use ../Figures/HNC/contour3.png>
Package pdftex.def Info: ../Figures/HNC/contour3.png  used on input line 408.
(pdftex.def)             Requested size: 223.07211pt x 163.66124pt.
 [7


 <../Figures/HNC/contour-ref.png> <../Figures/HNC/contour1.png> <../Figures/HNC/contour2.png> <../Figures/HNC/contour3.png>]
<../Figures/HNC/MEP-ref.png, id=196, 714.7503pt x 715.473pt>
File: ../Figures/HNC/MEP-ref.png Graphic file (type png)
<use ../Figures/HNC/MEP-ref.png>
Package pdftex.def Info: ../Figures/HNC/MEP-ref.png  used on input line 421.
(pdftex.def)             Requested size: 223.07211pt x 223.30092pt.
<../Figures/HNC/MEP1.png, id=199, 714.7503pt x 714.7503pt>
File: ../Figures/HNC/MEP1.png Graphic file (type png)
<use ../Figures/HNC/MEP1.png>
Package pdftex.def Info: ../Figures/HNC/MEP1.png  used on input line 426.
(pdftex.def)             Requested size: 223.07211pt x 223.07536pt.
<../Figures/HNC/MEP2.png, id=202, 714.7503pt x 714.7503pt>
File: ../Figures/HNC/MEP2.png Graphic file (type png)
<use ../Figures/HNC/MEP2.png>
Package pdftex.def Info: ../Figures/HNC/MEP2.png  used on input line 431.
(pdftex.def)             Requested size: 223.07211pt x 223.07536pt.
<../Figures/HNC/MEP3.png, id=205, 714.7503pt x 714.7503pt>
File: ../Figures/HNC/MEP3.png Graphic file (type png)
<use ../Figures/HNC/MEP3.png>
Package pdftex.def Info: ../Figures/HNC/MEP3.png  used on input line 436.
(pdftex.def)             Requested size: 223.07211pt x 223.07536pt.
 [8 <../Figures/HNC/MEP-ref.png> <../Figures/HNC/MEP1.png> <../Figures/HNC/MEP2.png> <../Figures/HNC/MEP3.png>]

Package hyperref Warning: Token not allowed in a PDF string (Unicode):
(hyperref)                removing `math shift' on input line 441.


Package hyperref Warning: Token not allowed in a PDF string (Unicode):
(hyperref)                removing `\theta' on input line 441.


Package hyperref Warning: Token not allowed in a PDF string (Unicode):
(hyperref)                removing `math shift' on input line 441.

<../Figures/HNC/courbeT0.png, id=215, 454.5783pt x 338.9463pt>
File: ../Figures/HNC/courbeT0.png Graphic file (type png)
<use ../Figures/HNC/courbeT0.png>
Package pdftex.def Info: ../Figures/HNC/courbeT0.png  used on input line 449.
(pdftex.def)             Requested size: 204.85846pt x 152.75198pt.
<../Figures/HNC/courbeT65.png, id=216, 455.301pt x 338.9463pt>
File: ../Figures/HNC/courbeT65.png Graphic file (type png)
<use ../Figures/HNC/courbeT65.png>
Package pdftex.def Info: ../Figures/HNC/courbeT65.png  used on input line 454.
(pdftex.def)             Requested size: 204.85846pt x 152.50374pt.
<../Figures/HNC/courbeT90.png, id=217, 455.301pt x 338.9463pt>
File: ../Figures/HNC/courbeT90.png Graphic file (type png)
<use ../Figures/HNC/courbeT90.png>
Package pdftex.def Info: ../Figures/HNC/courbeT90.png  used on input line 459.
(pdftex.def)             Requested size: 204.85846pt x 152.50374pt.
<../Figures/HNC/courbeT126.png, id=218, 455.301pt x 338.9463pt>
File: ../Figures/HNC/courbeT126.png Graphic file (type png)
<use ../Figures/HNC/courbeT126.png>
Package pdftex.def Info: ../Figures/HNC/courbeT126.png  used on input line 464.
(pdftex.def)             Requested size: 204.85846pt x 152.50374pt.
<../Figures/HNC/courbeT180.png, id=219, 454.5783pt x 338.9463pt>
File: ../Figures/HNC/courbeT180.png Graphic file (type png)
<use ../Figures/HNC/courbeT180.png>
Package pdftex.def Info: ../Figures/HNC/courbeT180.png  used on input line 469.
(pdftex.def)             Requested size: 204.85846pt x 152.75198pt.
[9 <../Figures/HNC/courbeT0.png> <../Figures/HNC/courbeT65.png> <../Figures/HNC/courbeT90.png> <../Figures/HNC/courbeT126.png> <../Figures/HNC/courbeT180.png>]

Package hyperref Warning: Token not allowed in a PDF string (Unicode):
(hyperref)                removing `math shift' on input line 474.


Package hyperref Warning: Token not allowed in a PDF string (Unicode):
(hyperref)                removing `math shift' on input line 474.

<../Figures/HNC/courbeR292.png, id=234, 455.301pt x 339.669pt>
File: ../Figures/HNC/courbeR292.png Graphic file (type png)
<use ../Figures/HNC/courbeR292.png>
Package pdftex.def Info: ../Figures/HNC/courbeR292.png  used on input line 482.
(pdftex.def)             Requested size: 204.85846pt x 152.8289pt.
<../Figures/HNC/courbeR377.png, id=235, 455.301pt x 339.669pt>
File: ../Figures/HNC/courbeR377.png Graphic file (type png)
<use ../Figures/HNC/courbeR377.png>
Package pdftex.def Info: ../Figures/HNC/courbeR377.png  used on input line 487.
(pdftex.def)             Requested size: 204.85846pt x 152.8289pt.
<../Figures/HNC/courbeR460.png, id=236, 455.301pt x 339.669pt>
File: ../Figures/HNC/courbeR460.png Graphic file (type png)
<use ../Figures/HNC/courbeR460.png>
Package pdftex.def Info: ../Figures/HNC/courbeR460.png  used on input line 492.
(pdftex.def)             Requested size: 204.85846pt x 152.8289pt.
<../Figures/HNC/courbeR625.png, id=237, 455.301pt x 339.669pt>
File: ../Figures/HNC/courbeR625.png Graphic file (type png)
<use ../Figures/HNC/courbeR625.png>
Package pdftex.def Info: ../Figures/HNC/courbeR625.png  used on input line 497.
(pdftex.def)             Requested size: 204.85846pt x 152.8289pt.

Underfull \hbox (badness 10000) in paragraph at lines 503--510

 []


Underfull \hbox (badness 10000) in paragraph at lines 511--513

 []

[10 <../Figures/HNC/courbeR292.png> <../Figures/HNC/courbeR377.png> <../Figures/HNC/courbeR460.png> <../Figures/HNC/courbeR625.png>]
No file meilleurs-params-HNC.bbl.
[11

] (./meilleurs-params-HNC.aux)
 ***********
LaTeX2e <2025-11-01>
L3 programming layer <2026-01-19>
 ***********
Package rerunfilecheck Info: File `meilleurs-params-HNC.out' has not changed.
(rerunfilecheck)             Checksum: D1B362563587069AFFE0A2D3326F359F;2584.
 ) 
Here is how much of TeX's memory you used:
 16343 strings out of 469515
 256901 string characters out of 5470807
 907101 words of memory out of 5000000
 44749 multiletter control sequences out of 15000+600000
 647592 words of font info for 94 fonts, out of 8000000 for 9000
 14 hyphenation exceptions out of 8191
 75i,11n,79p,557b,1339s stack positions out of 10000i,1000n,20000p,200000b,200000s
</usr/share/texmf-dist/fonts/type1/public/amsfonts/cm/cmmi10.pfb></usr/share/texmf-dist/fonts/type1/public/amsfonts/cm/cmmi12.pfb></usr/share/texmf-dist/fonts/type1/public/amsfonts/cm/cmmi5.pfb></usr/share/texmf-dist/fonts/type1/public/amsfonts/cm/cmmi7.pfb></usr/share/texmf-dist/fonts/type1/public/amsfonts/cm/cmmi9.pfb></usr/share/texmf-dist/fonts/type1/public/amsfonts/cm/cmr10.pfb></usr/share/texmf-dist/fonts/type1/public/amsfonts/cm/cmr6.pfb></usr/share/texmf-dist/fonts/type1/public/amsfonts/cm/cmr7.pfb></usr/share/texmf-dist/fonts/type1/public/amsfonts/cm/cmr9.pfb></usr/share/texmf-dist/fonts/type1/public/amsfonts/cm/cmsy10.pfb></usr/share/texmf-dist/fonts/type1/public/amsfonts/cm/cmsy6.pfb></usr/share/texmf-dist/fonts/type1/public/amsfonts/cm/cmsy7.pfb></usr/share/texmf-dist/fonts/type1/public/cm-super/sfbx1000.pfb></usr/share/texmf-dist/fonts/type1/public/cm-super/sfbx1200.pfb></usr/share/texmf-dist/fonts/type1/public/cm-super/sfbx1440.pfb></usr/share/texmf-dist/fonts/type1/public/cm-super/sfbx1728.pfb></usr/share/texmf-dist/fonts/type1/public/cm-super/sfcc1000.pfb></usr/share/texmf-dist/fonts/type1/public/cm-super/sfrm0500.pfb></usr/share/texmf-dist/fonts/type1/public/cm-super/sfrm0900.pfb></usr/share/texmf-dist/fonts/type1/public/cm-super/sfrm1000.pfb></usr/share/texmf-dist/fonts/type1/public/cm-super/sfrm1200.pfb></usr/share/texmf-dist/fonts/type1/public/cm-super/sftt0900.pfb></usr/share/texmf-dist/fonts/type1/public/cm-super/sftt1000.pfb>
Output written on meilleurs-params-HNC.pdf (11 pages, 1526017 bytes).
PDF statistics:
 373 PDF objects out of 1000 (max. 8388607)
 251 compressed objects within 3 object streams
 48 named destinations out of 1000 (max. 500000)
 228 words of extra memory for PDF output out of 10000 (max. 10000000)

